Component: ARM Compiler 5.05 update 1 (build 106) Tool: armlink [4d0efa]

==============================================================================

Section Cross References

    hw_config.o(i.Enter_LowPowerMode) refers to stm32f30x_exti.o(i.EXTI_ClearITPendingBit) for EXTI_ClearITPendingBit
    hw_config.o(i.Enter_LowPowerMode) refers to usb_pwr.o(.data) for bDeviceState
    hw_config.o(i.GPIO_AINConfig) refers to stm32f30x_rcc.o(i.RCC_AHBPeriphClockCmd) for RCC_AHBPeriphClockCmd
    hw_config.o(i.GPIO_AINConfig) refers to stm32f30x_gpio.o(i.GPIO_Init) for GPIO_Init
    hw_config.o(i.Get_SerialNum) refers to hw_config.o(i.IntToUnicode) for IntToUnicode
    hw_config.o(i.Get_SerialNum) refers to usb_desc.o(.data) for Hid_StringSerial
    hw_config.o(i.Leave_LowPowerMode) refers to stm32f30x_rcc.o(i.RCC_HSEConfig) for RCC_HSEConfig
    hw_config.o(i.Leave_LowPowerMode) refers to stm32f30x_rcc.o(i.RCC_WaitForHSEStartUp) for RCC_WaitForHSEStartUp
    hw_config.o(i.Leave_LowPowerMode) refers to stm32f30x_rcc.o(i.RCC_GetFlagStatus) for RCC_GetFlagStatus
    hw_config.o(i.Leave_LowPowerMode) refers to stm32f30x_rcc.o(i.RCC_PLLCmd) for RCC_PLLCmd
    hw_config.o(i.Leave_LowPowerMode) refers to stm32f30x_rcc.o(i.RCC_SYSCLKConfig) for RCC_SYSCLKConfig
    hw_config.o(i.Leave_LowPowerMode) refers to stm32f30x_rcc.o(i.RCC_GetSYSCLKSource) for RCC_GetSYSCLKSource
    hw_config.o(i.Leave_LowPowerMode) refers to usb_init.o(.bss) for Device_Info
    hw_config.o(i.Leave_LowPowerMode) refers to hw_config.o(.data) for HSEStartUpStatus
    hw_config.o(i.Leave_LowPowerMode) refers to usb_pwr.o(.data) for bDeviceState
    hw_config.o(i.Set_System) refers to stm32f30x_rcc.o(i.RCC_APB1PeriphClockCmd) for RCC_APB1PeriphClockCmd
    hw_config.o(i.Set_System) refers to stm32f30x_rcc.o(i.RCC_APB2PeriphClockCmd) for RCC_APB2PeriphClockCmd
    hw_config.o(i.Set_System) refers to stm32f30x_rcc.o(i.RCC_AHBPeriphClockCmd) for RCC_AHBPeriphClockCmd
    hw_config.o(i.Set_System) refers to stm32f30x_gpio.o(i.GPIO_Init) for GPIO_Init
    hw_config.o(i.Set_System) refers to stm32f30x_gpio.o(i.GPIO_PinAFConfig) for GPIO_PinAFConfig
    hw_config.o(i.Set_System) refers to stm32f30x_exti.o(i.EXTI_ClearITPendingBit) for EXTI_ClearITPendingBit
    hw_config.o(i.Set_System) refers to stm32f30x_exti.o(i.EXTI_Init) for EXTI_Init
    hw_config.o(i.Set_System) refers to hw_config.o(.data) for EXTI_InitStructure
    hw_config.o(i.Set_USBClock) refers to stm32f30x_rcc.o(i.RCC_USBCLKConfig) for RCC_USBCLKConfig
    hw_config.o(i.Set_USBClock) refers to stm32f30x_rcc.o(i.RCC_APB1PeriphClockCmd) for RCC_APB1PeriphClockCmd
    hw_config.o(i.USB_Cable_Config) refers to stm32f30x_gpio.o(i.GPIO_ResetBits) for GPIO_ResetBits
    hw_config.o(i.USB_Cable_Config) refers to stm32f30x_gpio.o(i.GPIO_SetBits) for GPIO_SetBits
    hw_config.o(i.USB_Interrupts_Config) refers to stm32f30x_misc.o(i.NVIC_PriorityGroupConfig) for NVIC_PriorityGroupConfig
    hw_config.o(i.USB_Interrupts_Config) refers to stm32f30x_misc.o(i.NVIC_Init) for NVIC_Init
    main.o(i.USB_Config) refers to hw_config.o(i.Set_System) for Set_System
    main.o(i.USB_Config) refers to hw_config.o(i.Set_USBClock) for Set_USBClock
    main.o(i.USB_Config) refers to hw_config.o(i.USB_Interrupts_Config) for USB_Interrupts_Config
    main.o(i.USB_Config) refers to usb_init.o(i.USB_Init) for USB_Init
    main.o(i.USB_Config) refers to usb_pwr.o(.data) for bDeviceState
    main.o(i.handleButton) refers to peripherals.o(i.LED_out_byte) for LED_out_byte
    main.o(i.handleButton) refers to peripherals.o(i.getShortLongButtonPress) for getShortLongButtonPress
    main.o(i.handleButton) refers to peripherals.o(i.delayms) for delayms
    main.o(i.handleButton) refers to peripherals.o(i.doGyroBiasCalibration) for doGyroBiasCalibration
    main.o(i.handleButton) refers to stm32f3_discovery.o(i.STM_EVAL_LEDOn) for STM_EVAL_LEDOn
    main.o(i.handleButton) refers to stm32f3_discovery.o(i.STM_EVAL_PBGetState) for STM_EVAL_PBGetState
    main.o(i.handleButton) refers to peripherals.o(i.saveCalibrationToFlash) for saveCalibrationToFlash
    main.o(i.handleButton) refers to main.o(.data) for orientationIndex
    main.o(i.handleConfigPacketEvent) refers to main.o(i.memcpy_atomic) for memcpy_atomic
    main.o(i.handleConfigPacketEvent) refers to peripherals.o(i.initSensorGyro) for initSensorGyro
    main.o(i.handleConfigPacketEvent) refers to peripherals.o(i.initSensorAccMag) for initSensorAccMag
    main.o(i.handleConfigPacketEvent) refers to usb_prop.o(.data) for newConfigFrameReceived
    main.o(i.handleConfigPacketEvent) refers to usb_prop.o(.bss) for featureReportData
    main.o(i.handleConfigPacketEvent) refers to main.o(.data) for dataKeepAlive
    main.o(i.handleConfigPacketEvent) refers to main.o(.bss) for dataDisplayInfo
    main.o(i.handleConfigPacketEvent) refers to peripherals.o(.data) for timerTimeSinceLastKeepAlive
[...]
    Removing stm32f30x_usart.o(i.USART_ITConfig), (58 bytes).
    Removing stm32f30x_usart.o(i.USART_InvPinCmd), (18 bytes).
    Removing stm32f30x_usart.o(i.USART_IrDACmd), (22 bytes).
    Removing stm32f30x_usart.o(i.USART_IrDAConfig), (16 bytes).
    Removing stm32f30x_usart.o(i.USART_LINBreakDetectLengthConfig), (16 bytes).
    Removing stm32f30x_usart.o(i.USART_LINCmd), (22 bytes).
    Removing stm32f30x_usart.o(i.USART_MSBFirstCmd), (22 bytes).
    Removing stm32f30x_usart.o(i.USART_MuteModeCmd), (22 bytes).
    Removing stm32f30x_usart.o(i.USART_MuteModeWakeUpConfig), (16 bytes).
    Removing stm32f30x_usart.o(i.USART_OneBitMethodCmd), (22 bytes).
    Removing stm32f30x_usart.o(i.USART_OverSampling8Cmd), (22 bytes).
    Removing stm32f30x_usart.o(i.USART_OverrunDetectionConfig), (16 bytes).
    Removing stm32f30x_usart.o(i.USART_ReceiveData), (10 bytes).
    Removing stm32f30x_usart.o(i.USART_ReceiverTimeOutCmd), (22 bytes).
    Removing stm32f30x_usart.o(i.USART_RequestCmd), (18 bytes).
    Removing stm32f30x_usart.o(i.USART_STOPModeCmd), (22 bytes).
    Removing stm32f30x_usart.o(i.USART_SWAPPinCmd), (22 bytes).
    Removing stm32f30x_usart.o(i.USART_SetAddress), (18 bytes).
    Removing stm32f30x_usart.o(i.USART_SetAutoRetryCount), (18 bytes).
    Removing stm32f30x_usart.o(i.USART_SetBlockLength), (18 bytes).
    Removing stm32f30x_usart.o(i.USART_SetDEAssertionTime), (18 bytes).
    Removing stm32f30x_usart.o(i.USART_SetDEDeassertionTime), (18 bytes).
    Removing stm32f30x_usart.o(i.USART_SetGuardTime), (16 bytes).
    Removing stm32f30x_usart.o(i.USART_SetPrescaler), (16 bytes).
    Removing stm32f30x_usart.o(i.USART_SetReceiverTimeOut), (16 bytes).
    Removing stm32f30x_usart.o(i.USART_SmartCardCmd), (22 bytes).
    Removing stm32f30x_usart.o(i.USART_SmartCardNACKCmd), (22 bytes).
    Removing stm32f30x_usart.o(i.USART_StopModeWakeUpSourceConfig), (16 bytes).
    Removing stm32f30x_usart.o(i.USART_StructInit), (24 bytes).
    Removing stm32f30x_wwdg.o(.rev16_text), (4 bytes).
    Removing stm32f30x_wwdg.o(.revsh_text), (4 bytes).
    Removing stm32f30x_wwdg.o(i.WWDG_ClearFlag), (12 bytes).
    Removing stm32f30x_wwdg.o(i.WWDG_DeInit), (22 bytes).
    Removing stm32f30x_wwdg.o(i.WWDG_Enable), (16 bytes).
    Removing stm32f30x_wwdg.o(i.WWDG_EnableIT), (20 bytes).
    Removing stm32f30x_wwdg.o(i.WWDG_GetFlagStatus), (20 bytes).
    Removing stm32f30x_wwdg.o(i.WWDG_SetCounter), (16 bytes).
    Removing stm32f30x_wwdg.o(i.WWDG_SetPrescaler), (24 bytes).
    Removing stm32f30x_wwdg.o(i.WWDG_SetWindowValue), (40 bytes).
    Removing dadd.o(.text), (334 bytes).
    Removing dmul.o(.text), (228 bytes).
    Removing ddiv.o(.text), (222 bytes).
    Removing dfixul.o(.text), (48 bytes).
    Removing cdrcmple.o(.text), (48 bytes).
    Removing depilogue.o(.text), (186 bytes).

781 unused section(s) (total 32634 bytes) removed from the image.

==============================================================================

Image Symbol Table

    Local Symbols

    Symbol Name                              Value     Ov Type        Size  Object(Section)

    ../clib/../cmprslib/zerorunl2.c          0x00000000   Number         0  __dczerorl2.o ABSOLUTE
    ../clib/microlib/division.c              0x00000000   Number         0  uldiv.o ABSOLUTE
    ../clib/microlib/division.c              0x00000000   Number         0  uidiv.o ABSOLUTE
    ../clib/microlib/init/entry.s            0x00000000   Number         0  entry5.o ABSOLUTE
    ../clib/microlib/init/entry.s            0x00000000   Number         0  entry2.o ABSOLUTE
    ../clib/microlib/init/entry.s            0x00000000   Number         0  entry7a.o ABSOLUTE
    ../clib/microlib/init/entry.s            0x00000000   Number         0  entry7b.o ABSOLUTE
    ../clib/microlib/init/entry.s            0x00000000   Number         0  entry8a.o ABSOLUTE
    ../clib/microlib/init/entry.s            0x00000000   Number         0  entry10a.o ABSOLUTE
    ../clib/microlib/init/entry.s            0x00000000   Number         0  entry.o ABSOLUTE
    ../clib/microlib/init/entry.s            0x00000000   Number         0  entry8b.o ABSOLUTE
    ../clib/microlib/init/entry.s            0x00000000   Number         0  entry9a.o ABSOLUTE
    ../clib/microlib/init/entry.s            0x00000000   Number         0  entry9b.o ABSOLUTE
    ../clib/microlib/init/entry.s            0x00000000   Number         0  entry11b.o ABSOLUTE
    ../clib/microlib/init/entry.s            0x00000000   Number         0  entry11a.o ABSOLUTE
    ../clib/microlib/init/entry.s            0x00000000   Number         0  entry10b.o ABSOLUTE
    ../clib/microlib/longlong.c              0x00000000   Number         0  llushr.o ABSOLUTE
    ../clib/microlib/longlong.c              0x00000000   Number         0  llsshr.o ABSOLUTE
    ../clib/microlib/longlong.c              0x00000000   Number         0  llshl.o ABSOLUTE
    ../clib/microlib/printf/printf.c         0x00000000   Number         0  printf4.o ABSOLUTE
    ../clib/microlib/printf/printf.c         0x00000000   Number         0  printf3.o ABSOLUTE
    ../clib/microlib/printf/printf.c         0x00000000   Number         0  printf2.o ABSOLUTE
    ../clib/microlib/printf/printf.c         0x00000000   Number         0  printf1.o ABSOLUTE
    ../clib/microlib/printf/printf.c         0x00000000   Number         0  printf0.o ABSOLUTE
    ../clib/microlib/printf/printf.c         0x00000000   Number         0  printfa.o ABSOLUTE
    ../clib/microlib/printf/printf.c         0x00000000   Number         0  printf8.o ABSOLUTE
    ../clib/microlib/printf/printf.c         0x00000000   Number         0  printf5.o ABSOLUTE
    ../clib/microlib/printf/printf.c         0x00000000   Number         0  printf7.o ABSOLUTE
    ../clib/microlib/printf/printf.c         0x00000000   Number         0  printf6.o ABSOLUTE
    ../clib/microlib/printf/printf.c         0x00000000   Number         0  printfb.o ABSOLUTE
    ../clib/microlib/printf/stubs.s          0x00000000   Number         0  stubs.o ABSOLUTE
    ../clib/microlib/stdio/streams.c         0x00000000   Number         0  stdout.o ABSOLUTE
    ../clib/microlib/stubs.s                 0x00000000   Number         0  iusefp.o ABSOLUTE
    ../fplib/microlib/fpadd.c                0x00000000   Number         0  dadd.o ABSOLUTE
    ../fplib/microlib/fpdiv.c                0x00000000   Number         0  ddiv.o ABSOLUTE
    ../fplib/microlib/fpepilogue.c           0x00000000   Number         0  depilogue.o ABSOLUTE
    ../fplib/microlib/fpfix.c                0x00000000   Number         0  dfixul.o ABSOLUTE
    ../fplib/microlib/fpmul.c                0x00000000   Number         0  dmul.o ABSOLUTE
    Libraries\CMSIS\Device\ST\STM32F30x\Source\Templates\arm\startup_stm32f30x.s 0x00000000   Number         0  startup_stm32f30x.o ABSOLUTE
    Libraries\STM32F30x_StdPeriph_Driver\src\stm32f30x_adc.c 0x00000000   Number         0  stm32f30x_adc.o ABSOLUTE
    Libraries\STM32F30x_StdPeriph_Driver\src\stm32f30x_can.c 0x00000000   Number         0  stm32f30x_can.o ABSOLUTE
    Libraries\STM32F30x_StdPeriph_Driver\src\stm32f30x_comp.c 0x00000000   Number         0  stm32f30x_comp.o ABSOLUTE
    Libraries\STM32F30x_StdPeriph_Driver\src\stm32f30x_crc.c 0x00000000   Number         0  stm32f30x_crc.o ABSOLUTE
    Libraries\STM32F30x_StdPeriph_Driver\src\stm32f30x_dac.c 0x00000000   Number         0  stm32f30x_dac.o ABSOLUTE
    Libraries\STM32F30x_StdPeriph_Driver\src\stm32f30x_dbgmcu.c 0x00000000   Number         0  stm32f30x_dbgmcu.o ABSOLUTE
    Libraries\STM32F30x_StdPeriph_Driver\src\stm32f30x_dma.c 0x00000000   Number         0  stm32f30x_dma.o ABSOLUTE
    Libraries\STM32F30x_StdPeriph_Driver\src\stm32f30x_exti.c 0x00000000   Number         0  stm32f30x_exti.o ABSOLUTE
    Libraries\STM32F30x_StdPeriph_Driver\src\stm32f30x_flash.c 0x00000000   Number         0  stm32f30x_flash.o ABSOLUTE
    Libraries\STM32F30x_StdPeriph_Driver\src\stm32f30x_gpio.c 0x00000000   Number         0  stm32f30x_gpio.o ABSOLUTE
    Libraries\STM32F30x_StdPeriph_Driver\src\stm32f30x_i2c.c 0x00000000   Number         0  stm32f30x_i2c.o ABSOLUTE
    Libraries\STM32F30x_StdPeriph_Driver\src\stm32f30x_iwdg.c 0x00000000   Number         0  stm32f30x_iwdg.o ABSOLUTE
    Libraries\STM32F30x_StdPeriph_Driver\src\stm32f30x_misc.c 0x00000000   Number         0  stm32f30x_misc.o ABSOLUTE
    Libraries\STM32F30x_StdPeriph_Driver\src\stm32f30x_opamp.c 0x00000000   Number         0  stm32f30x_opamp.o ABSOLUTE
    Libraries\STM32F30x_StdPeriph_Driver\src\stm32f30x_pwr.c 0x00000000   Number         0  stm32f30x_pwr.o ABSOLUTE
    Libraries\STM32F30x_StdPeriph_Driver\src\stm32f30x_rcc.c 0x00000000   Number         0  stm32f30x_rcc.o ABSOLUTE
    Libraries\STM32F30x_StdPeriph_Driver\src\stm32f30x_rtc.c 0x00000000   Number         0  stm32f30x_rtc.o ABSOLUTE
    Libraries\STM32F30x_StdPeriph_Driver\src\stm32f30x_spi.c 0x00000000   Number         0  stm32f30x_spi.o ABSOLUTE
    Libraries\STM32F30x_StdPeriph_Driver\src\stm32f30x_syscfg.c 0x00000000   Number         0  stm32f30x_syscfg.o ABSOLUTE
    Libraries\STM32F30x_StdPeriph_Driver\src\stm32f30x_tim.c 0x00000000   Number         0  stm32f30x_tim.o ABSOLUTE
    Libraries\STM32F30x_StdPeriph_Driver\src\stm32f30x_usart.c 0x00000000   Number         0  stm32f30x_usart.o ABSOLUTE
    Libraries\STM32F30x_StdPeriph_Driver\src\stm32f30x_wwdg.c 0x00000000   Number         0  stm32f30x_wwdg.o ABSOLUTE
    Libraries\STM32F3_Discovery\stm32f3_discovery.c 0x00000000   Number         0  stm32f3_discovery.o ABSOLUTE
    Libraries\STM32F3_Discovery\stm32f3_discovery_l3gd20.c 0x00000000   Number         0  stm32f3_discovery_l3gd20.o ABSOLUTE
    Libraries\STM32F3_Discovery\stm32f3_discovery_lsm303dlhc.c 0x00000000   Number         0  stm32f3_discovery_lsm303dlhc.o ABSOLUTE
    Libraries\STM32_USB-FS-Device_Driver\src\usb_core.c 0x00000000   Number         0  usb_core.o ABSOLUTE
    Libraries\STM32_USB-FS-Device_Driver\src\usb_init.c 0x00000000   Number         0  usb_init.o ABSOLUTE
    Libraries\STM32_USB-FS-Device_Driver\src\usb_int.c 0x00000000   Number         0  usb_int.o ABSOLUTE
    Libraries\STM32_USB-FS-Device_Driver\src\usb_mem.c 0x00000000   Number         0  usb_mem.o ABSOLUTE
    Libraries\STM32_USB-FS-Device_Driver\src\usb_regs.c 0x00000000   Number         0  usb_regs.o ABSOLUTE
    Libraries\STM32_USB-FS-Device_Driver\src\usb_sil.c 0x00000000   Number         0  usb_sil.o ABSOLUTE
    Libraries\\STM32F30x_StdPeriph_Driver\\src\\stm32f30x_adc.c 0x00000000   Number         0  stm32f30x_adc.o ABSOLUTE
    Libraries\\STM32F30x_StdPeriph_Driver\\src\\stm32f30x_can.c 0x00000000   Number         0  stm32f30x_can.o ABSOLUTE
    Libraries\\STM32F30x_StdPeriph_Driver\\src\\stm32f30x_comp.c 0x00000000   Number         0  stm32f30x_comp.o ABSOLUTE
    Libraries\\STM32F30x_StdPeriph_Driver\\src\\stm32f30x_crc.c 0x00000000   Number         0  stm32f30x_crc.o ABSOLUTE
    Libraries\\STM32F30x_StdPeriph_Driver\\src\\stm32f30x_dac.c 0x00000000   Number         0  stm32f30x_dac.o ABSOLUTE
    Libraries\\STM32F30x_StdPeriph_Driver\\src\\stm32f30x_dbgmcu.c 0x00000000   Number         0  stm32f30x_dbgmcu.o ABSOLUTE
    Libraries\\STM32F30x_StdPeriph_Driver\\src\\stm32f30x_dma.c 0x00000000   Number         0  stm32f30x_dma.o ABSOLUTE
    Libraries\\STM32F30x_StdPeriph_Driver\\src\\stm32f30x_exti.c 0x00000000   Number         0  stm32f30x_exti.o ABSOLUTE
    Libraries\\STM32F30x_StdPeriph_Driver\\src\\stm32f30x_flash.c 0x00000000   Number         0  stm32f30x_flash.o ABSOLUTE
    Libraries\\STM32F30x_StdPeriph_Driver\\src\\stm32f30x_gpio.c 0x00000000   Number         0  stm32f30x_gpio.o ABSOLUTE
    Libraries\\STM32F30x_StdPeriph_Driver\\src\\stm32f30x_i2c.c 0x00000000   Number         0  stm32f30x_i2c.o ABSOLUTE
    Libraries\\STM32F30x_StdPeriph_Driver\\src\\stm32f30x_iwdg.c 0x00000000   Number         0  stm32f30x_iwdg.o ABSOLUTE
    Libraries\\STM32F30x_StdPeriph_Driver\\src\\stm32f30x_misc.c 0x00000000   Number         0  stm32f30x_misc.o ABSOLUTE
    Libraries\\STM32F30x_StdPeriph_Driver\\src\\stm32f30x_opamp.c 0x00000000   Number         0  stm32f30x_opamp.o ABSOLUTE
    Libraries\\STM32F30x_StdPeriph_Driver\\src\\stm32f30x_pwr.c 0x00000000   Number         0  stm32f30x_pwr.o ABSOLUTE
    Libraries\\STM32F30x_StdPeriph_Driver\\src\\stm32f30x_rcc.c 0x00000000   Number         0  stm32f30x_rcc.o ABSOLUTE
    Libraries\\STM32F30x_StdPeriph_Driver\\src\\stm32f30x_rtc.c 0x00000000   Number         0  stm32f30x_rtc.o ABSOLUTE
    Libraries\\STM32F30x_StdPeriph_Driver\\src\\stm32f30x_spi.c 0x00000000   Number         0  stm32f30x_spi.o ABSOLUTE
    Libraries\\STM32F30x_StdPeriph_Driver\\src\\stm32f30x_syscfg.c 0x00000000   Number         0  stm32f30x_syscfg.o ABSOLUTE
    Libraries\\STM32F30x_StdPeriph_Driver\\src\\stm32f30x_tim.c 0x00000000   Number         0  stm32f30x_tim.o ABSOLUTE
    Libraries\\STM32F30x_StdPeriph_Driver\\src\\stm32f30x_usart.c 0x00000000   Number         0  stm32f30x_usart.o ABSOLUTE
    Libraries\\STM32F30x_StdPeriph_Driver\\src\\stm32f30x_wwdg.c 0x00000000   Number         0  stm32f30x_wwdg.o ABSOLUTE
    Libraries\\STM32F3_Discovery\\stm32f3_discovery.c 0x00000000   Number         0  stm32f3_discovery.o ABSOLUTE
    Libraries\\STM32F3_Discovery\\stm32f3_discovery_l3gd20.c 0x00000000   Number         0  stm32f3_discovery_l3gd20.o ABSOLUTE
    Libraries\\STM32F3_Discovery\\stm32f3_discovery_lsm303dlhc.c 0x00000000   Number         0  stm32f3_discovery_lsm303dlhc.o ABSOLUTE
    Libraries\\STM32_USB-FS-Device_Driver\\src\\usb_core.c 0x00000000   Number         0  usb_core.o ABSOLUTE
    Libraries\\STM32_USB-FS-Device_Driver\\src\\usb_init.c 0x00000000   Number         0  usb_init.o ABSOLUTE
    Libraries\\STM32_USB-FS-Device_Driver\\src\\usb_int.c 0x00000000   Number         0  usb_int.o ABSOLUTE
    Libraries\\STM32_USB-FS-Device_Driver\\src\\usb_mem.c 0x00000000   Number         0  usb_mem.o ABSOLUTE
    Libraries\\STM32_USB-FS-Device_Driver\\src\\usb_regs.c 0x00000000   Number         0  usb_regs.o ABSOLUTE
    Libraries\\STM32_USB-FS-Device_Driver\\src\\usb_sil.c 0x00000000   Number         0  usb_sil.o ABSOLUTE
    Libraries\\shooter\\src\\JX_Eeprom.c     0x00000000   Number         0  jx_eeprom.o ABSOLUTE
    Libraries\\shooter\\src\\bsp.c           0x00000000   Number         0  bsp.o ABSOLUTE
    Libraries\\shooter\\src\\tc358870data.c  0x00000000   Number         0  tc358870data.o ABSOLUTE
    Libraries\shooter\src\JX_Eeprom.c        0x00000000   Number         0  jx_eeprom.o ABSOLUTE
    Libraries\shooter\src\bsp.c              0x00000000   Number         0  bsp.o ABSOLUTE
    Libraries\shooter\src\tc358870data.c     0x00000000   Number         0  tc358870data.o ABSOLUTE
    cdrcmple.s                               0x00000000   Number         0  cdrcmple.o ABSOLUTE
    dc.s                                     0x00000000   Number         0  dc.o ABSOLUTE
    handlers.s                               0x00000000   Number         0  handlers.o ABSOLUTE
    init.s                                   0x00000000   Number         0  init.o ABSOLUTE
    src\\hw_config.c                         0x00000000   Number         0  hw_config.o ABSOLUTE
    src\\main.c                              0x00000000   Number         0  main.o ABSOLUTE
    src\\peripherals.c                       0x00000000   Number         0  peripherals.o ABSOLUTE
    src\\stm32f30x_it.c                      0x00000000   Number         0  stm32f30x_it.o ABSOLUTE
    src\\system_stm32f30x.c                  0x00000000   Number         0  system_stm32f30x.o ABSOLUTE
    src\\usb_desc.c                          0x00000000   Number         0  usb_desc.o ABSOLUTE
    src\\usb_endp.c                          0x00000000   Number         0  usb_endp.o ABSOLUTE
    src\\usb_istr.c                          0x00000000   Number         0  usb_istr.o ABSOLUTE
    src\\usb_prop.c                          0x00000000   Number         0  usb_prop.o ABSOLUTE
    src\\usb_pwr.c                           0x00000000   Number         0  usb_pwr.o ABSOLUTE
    src\hw_config.c                          0x00000000   Number         0  hw_config.o ABSOLUTE
    src\main.c                               0x00000000   Number         0  main.o ABSOLUTE
    src\peripherals.c                        0x00000000   Number         0  peripherals.o ABSOLUTE
    src\stm32f30x_it.c                       0x00000000   Number         0  stm32f30x_it.o ABSOLUTE
    src\system_stm32f30x.c                   0x00000000   Number         0  system_stm32f30x.o ABSOLUTE
    src\usb_desc.c                           0x00000000   Number         0  usb_desc.o ABSOLUTE
    src\usb_endp.c                           0x00000000   Number         0  usb_endp.o ABSOLUTE
    src\usb_istr.c                           0x00000000   Number         0  usb_istr.o ABSOLUTE
    src\usb_prop.c                           0x00000000   Number         0  usb_prop.o ABSOLUTE
    src\usb_pwr.c                            0x00000000   Number         0  usb_pwr.o ABSOLUTE
    RESET                                    0x08000000   Section      392  startup_stm32f30x.o(RESET)
    .ARM.Collect$$$$00000000                 0x08000188   Section        0  entry.o(.ARM.Collect$$$$00000000)
    .ARM.Collect$$$$00000001                 0x08000188   Section        4  entry2.o(.ARM.Collect$$$$00000001)
    .ARM.Collect$$$$00000004                 0x0800018c   Section        4  entry5.o(.ARM.Collect$$$$00000004)
    .ARM.Collect$$$$00000008                 0x08000190   Section        0  entry7b.o(.ARM.Collect$$$$00000008)
    .ARM.Collect$$$$0000000A                 0x08000190   Section        0  entry8b.o(.ARM.Collect$$$$0000000A)
    .ARM.Collect$$$$0000000B                 0x08000190   Section        8  entry9a.o(.ARM.Collect$$$$0000000B)
    .ARM.Collect$$$$0000000D                 0x08000198   Section        0  entry10a.o(.ARM.Collect$$$$0000000D)
    .ARM.Collect$$$$0000000F                 0x08000198   Section        0  entry11a.o(.ARM.Collect$$$$0000000F)
    .ARM.Collect$$$$00002712                 0x08000198   Section        4  entry2.o(.ARM.Collect$$$$00002712)
    __lit__00000000                          0x08000198   Data           4  entry2.o(.ARM.Collect$$$$00002712)
    .text                                    0x0800019c   Section       36  startup_stm32f30x.o(.text)
    $v0                                      0x0800019c   Number         0  startup_stm32f30x.o(.text)
    .text                                    0x080001c0   Section        0  uldiv.o(.text)
    .text                                    0x08000224   Section       36  init.o(.text)
    .text                                    0x08000248   Section        0  llshl.o(.text)
    .text                                    0x08000266   Section        0  llushr.o(.text)
    .text                                    0x08000286   Section        0  __dczerorl2.o(.text)
    i.BSP_Usart1Init                         0x080002dc   Section        0  bsp.o(i.BSP_Usart1Init)
    i.BusFault_Handler                       0x0800036c   Section        0  stm32f30x_it.o(i.BusFault_Handler)
    i.ByteSwap                               0x08000370   Section        0  usb_regs.o(i.ByteSwap)
    i.CTR_LP                                 0x0800037c   Section        0  usb_int.o(i.CTR_LP)
    i.ClearDTOG_RX                           0x08000604   Section        0  usb_regs.o(i.ClearDTOG_RX)
    i.ClearDTOG_TX                           0x08000638   Section        0  usb_regs.o(i.ClearDTOG_TX)
    i.Clear_Status_Out                       0x0800066c   Section        0  usb_regs.o(i.Clear_Status_Out)
    i.DataStageIn                            0x08000694   Section        0  usb_core.o(i.DataStageIn)
    DataStageIn                              0x08000695   Thumb Code   166  usb_core.o(i.DataStageIn)
    i.DataStageOut                           0x08000754   Section        0  usb_core.o(i.DataStageOut)
    DataStageOut                             0x08000755   Thumb Code   166  usb_core.o(i.DataStageOut)
    i.Data_Setup0                            0x08000810   Section        0  usb_core.o(i.Data_Setup0)
    Data_Setup0                              0x08000811   Thumb Code   628  usb_core.o(i.Data_Setup0)
    i.DebugMon_Handler                       0x08000aa8   Section        0  stm32f30x_it.o(i.DebugMon_Handler)
    i.EEPROM_Init                            0x08000aaa   Section        0  jx_eeprom.o(i.EEPROM_Init)
    i.EEPROM_ReadByte                        0x08000ab2   Section        0  jx_eeprom.o(i.EEPROM_ReadByte)
    i.EEPROM_ReadData                        0x08000b0e   Section        0  jx_eeprom.o(i.EEPROM_ReadData)
    i.EEPROM_WriteByte                       0x08000b50   Section        0  jx_eeprom.o(i.EEPROM_WriteByte)
    i.EP1_IN_Callback                        0x08000bc4   Section        0  usb_endp.o(i.EP1_IN_Callback)
    i.EP1_OUT_Callback                       0x08000bd0   Section        0  usb_endp.o(i.EP1_OUT_Callback)
    i.EXTI_ClearITPendingBit                 0x08000bdc   Section        0  stm32f30x_exti.o(i.EXTI_ClearITPendingBit)
    i.EXTI_Init                              0x08000bf8   Section        0  stm32f30x_exti.o(i.EXTI_Init)
    i.Enter_LowPowerMode                     0x08000d64   Section        0  hw_config.o(i.Enter_LowPowerMode)
    i.GPIO_Init                              0x08000d78   Section        0  stm32f30x_gpio.o(i.GPIO_Init)
    i.GPIO_PinAFConfig                       0x08000e08   Section        0  stm32f30x_gpio.o(i.GPIO_PinAFConfig)
    i.GPIO_ReadInputDataBit                  0x08000e4e   Section        0  stm32f30x_gpio.o(i.GPIO_ReadInputDataBit)
    i.GPIO_ResetBits                         0x08000e60   Section        0  stm32f30x_gpio.o(i.GPIO_ResetBits)
    i.GPIO_SetBits                           0x08000e64   Section        0  stm32f30x_gpio.o(i.GPIO_SetBits)
    i.GetEPRxAddr                            0x08000e68   Section        0  usb_regs.o(i.GetEPRxAddr)
    i.GetEPTxAddr                            0x08000e88   Section        0  usb_regs.o(i.GetEPTxAddr)
    i.Get_SerialNum                          0x08000ea8   Section        0  hw_config.o(i.Get_SerialNum)
    i.HID_GetReport_Feature                  0x08000edc   Section        0  usb_prop.o(i.HID_GetReport_Feature)
    i.HID_SetReport_Feature                  0x08000f44   Section        0  usb_prop.o(i.HID_SetReport_Feature)
    i.HardFault_Handler                      0x08000f9c   Section        0  stm32f30x_it.o(i.HardFault_Handler)
    i.Hid_Data_Setup                         0x08000fa0   Section        0  usb_prop.o(i.Hid_Data_Setup)
    i.Hid_GetConfigDescriptor                0x0800103c   Section        0  usb_prop.o(i.Hid_GetConfigDescriptor)
    i.Hid_GetDeviceDescriptor                0x08001050   Section        0  usb_prop.o(i.Hid_GetDeviceDescriptor)
    i.Hid_GetHIDDescriptor                   0x08001064   Section        0  usb_prop.o(i.Hid_GetHIDDescriptor)
    i.Hid_GetProtocolValue                   0x08001078   Section        0  usb_prop.o(i.Hid_GetProtocolValue)
    i.Hid_GetReportDescriptor                0x08001094   Section        0  usb_prop.o(i.Hid_GetReportDescriptor)
    i.Hid_GetStringDescriptor                0x080010a8   Section        0  usb_prop.o(i.Hid_GetStringDescriptor)
    i.Hid_Get_Interface_Setting              0x080010d0   Section        0  usb_prop.o(i.Hid_Get_Interface_Setting)
    i.Hid_NoData_Setup                       0x080010e8   Section        0  usb_prop.o(i.Hid_NoData_Setup)
    i.Hid_Reset                              0x0800110c   Section        0  usb_prop.o(i.Hid_Reset)
    i.Hid_SetConfiguration                   0x080011c0   Section        0  usb_prop.o(i.Hid_SetConfiguration)
    i.Hid_SetDeviceAddress                   0x080011d8   Section        0  usb_prop.o(i.Hid_SetDeviceAddress)
    i.Hid_SetProtocol                        0x080011e4   Section        0  usb_prop.o(i.Hid_SetProtocol)
    i.Hid_Status_In                          0x080011fc   Section        0  usb_prop.o(i.Hid_Status_In)
    i.Hid_Status_Out                         0x080011fe   Section        0  usb_prop.o(i.Hid_Status_Out)
    i.Hid_init                               0x08001200   Section        0  usb_prop.o(i.Hid_init)
    i.I2CSoft_Ack                            0x08001228   Section        0  jx_eeprom.o(i.I2CSoft_Ack)
    I2CSoft_Ack                              0x08001229   Thumb Code    60  jx_eeprom.o(i.I2CSoft_Ack)
    i.I2CSoft_Delay                          0x08001268   Section        0  jx_eeprom.o(i.I2CSoft_Delay)
    I2CSoft_Delay                            0x08001269   Thumb Code    22  jx_eeprom.o(i.I2CSoft_Delay)
    i.I2CSoft_Init                           0x08001280   Section        0  jx_eeprom.o(i.I2CSoft_Init)
    I2CSoft_Init                             0x08001281   Thumb Code    58  jx_eeprom.o(i.I2CSoft_Init)
    i.I2CSoft_NAck                           0x080012c0   Section        0  jx_eeprom.o(i.I2CSoft_NAck)
    I2CSoft_NAck                             0x080012c1   Thumb Code    60  jx_eeprom.o(i.I2CSoft_NAck)
    i.I2CSoft_ReadByte                       0x08001300   Section        0  jx_eeprom.o(i.I2CSoft_ReadByte)
    I2CSoft_ReadByte                         0x08001301   Thumb Code    90  jx_eeprom.o(i.I2CSoft_ReadByte)
    i.I2CSoft_SDAIPU                         0x08001360   Section        0  jx_eeprom.o(i.I2CSoft_SDAIPU)
    I2CSoft_SDAIPU                           0x08001361   Thumb Code    30  jx_eeprom.o(i.I2CSoft_SDAIPU)
    i.I2CSoft_SDAOPP                         0x08001384   Section        0  jx_eeprom.o(i.I2CSoft_SDAOPP)
    I2CSoft_SDAOPP                           0x08001385   Thumb Code    36  jx_eeprom.o(i.I2CSoft_SDAOPP)
    i.I2CSoft_SendByte                       0x080013ac   Section        0  jx_eeprom.o(i.I2CSoft_SendByte)
    I2CSoft_SendByte                         0x080013ad   Thumb Code   100  jx_eeprom.o(i.I2CSoft_SendByte)
    i.I2CSoft_Start                          0x08001414   Section        0  jx_eeprom.o(i.I2CSoft_Start)
    I2CSoft_Start                            0x08001415   Thumb Code    60  jx_eeprom.o(i.I2CSoft_Start)
    i.I2CSoft_Stop                           0x08001454   Section        0  jx_eeprom.o(i.I2CSoft_Stop)
    I2CSoft_Stop                             0x08001455   Thumb Code    60  jx_eeprom.o(i.I2CSoft_Stop)
    i.I2CSoft_WaitAck                        0x08001494   Section        0  jx_eeprom.o(i.I2CSoft_WaitAck)
    I2CSoft_WaitAck                          0x08001495   Thumb Code    86  jx_eeprom.o(i.I2CSoft_WaitAck)
    i.In0_Process                            0x080014f0   Section        0  usb_core.o(i.In0_Process)
    i.IntToUnicode                           0x08001560   Section        0  hw_config.o(i.IntToUnicode)
    IntToUnicode                             0x08001561   Thumb Code    62  hw_config.o(i.IntToUnicode)
    i.LED_Config                             0x0800159e   Section        0  peripherals.o(i.LED_Config)
    i.Leave_LowPowerMode                     0x080015bc   Section        0  hw_config.o(i.Leave_LowPowerMode)
    i.MemManage_Handler                      0x0800161c   Section        0  stm32f30x_it.o(i.MemManage_Handler)
    i.NMI_Handler                            0x08001620   Section        0  stm32f30x_it.o(i.NMI_Handler)
    i.NOP_Process                            0x08001622   Section        0  usb_core.o(i.NOP_Process)
    i.NVIC_Init                              0x08001624   Section        0  stm32f30x_misc.o(i.NVIC_Init)
    i.NoData_Setup0                          0x08001694   Section        0  usb_core.o(i.NoData_Setup0)
    NoData_Setup0                            0x08001695   Thumb Code   290  usb_core.o(i.NoData_Setup0)
    i.Out0_Process                           0x080017cc   Section        0  usb_core.o(i.Out0_Process)
    i.PMAToUserBufferCopy                    0x0800181c   Section        0  usb_mem.o(i.PMAToUserBufferCopy)
    i.PendSV_Handler                         0x08001844   Section        0  stm32f30x_it.o(i.PendSV_Handler)
    i.Post0_Process                          0x08001848   Section        0  usb_core.o(i.Post0_Process)
    i.PowerOn                                0x08001890   Section        0  usb_pwr.o(i.PowerOn)
    i.RCC_AHBPeriphClockCmd                  0x080018d0   Section        0  stm32f30x_rcc.o(i.RCC_AHBPeriphClockCmd)
    i.RCC_APB2PeriphClockCmd                 0x080018f0   Section        0  stm32f30x_rcc.o(i.RCC_APB2PeriphClockCmd)
    i.RCC_GetClocksFreq                      0x08001910   Section        0  stm32f30x_rcc.o(i.RCC_GetClocksFreq)
    i.RCC_GetFlagStatus                      0x08001d58   Section        0  stm32f30x_rcc.o(i.RCC_GetFlagStatus)
    i.RCC_GetSYSCLKSource                    0x08001d9c   Section        0  stm32f30x_rcc.o(i.RCC_GetSYSCLKSource)
    i.RCC_HSEConfig                          0x08001dac   Section        0  stm32f30x_rcc.o(i.RCC_HSEConfig)
    i.RCC_PLLCmd                             0x08001dbc   Section        0  stm32f30x_rcc.o(i.RCC_PLLCmd)
    i.RCC_SYSCLKConfig                       0x08001dc8   Section        0  stm32f30x_rcc.o(i.RCC_SYSCLKConfig)
    i.RCC_WaitForHSEStartUp                  0x08001de0   Section        0  stm32f30x_rcc.o(i.RCC_WaitForHSEStartUp)
    i.Resume                                 0x08001e18   Section        0  usb_pwr.o(i.Resume)
    i.Resume_Init                            0x08001ec8   Section        0  usb_pwr.o(i.Resume_Init)
    i.STM_EVAL_LEDInit                       0x08001eec   Section        0  stm32f3_discovery.o(i.STM_EVAL_LEDInit)
    i.STM_EVAL_PBInit                        0x08001f38   Section        0  stm32f3_discovery.o(i.STM_EVAL_PBInit)
    i.SVC_Handler                            0x08001fe0   Section        0  stm32f30x_it.o(i.SVC_Handler)
    i.SYSCFG_EXTILineConfig                  0x08001fe4   Section        0  stm32f30x_syscfg.o(i.SYSCFG_EXTILineConfig)
    i.SetBTABLE                              0x08002024   Section        0  usb_regs.o(i.SetBTABLE)
    i.SetDeviceAddress                       0x08002034   Section        0  usb_core.o(i.SetDeviceAddress)
    i.SetEPRxAddr                            0x08002084   Section        0  usb_regs.o(i.SetEPRxAddr)
    i.SetEPRxCount                           0x080020a8   Section        0  usb_regs.o(i.SetEPRxCount)
    i.SetEPRxStatus                          0x080020f4   Section        0  usb_regs.o(i.SetEPRxStatus)
    i.SetEPRxValid                           0x08002134   Section        0  usb_regs.o(i.SetEPRxValid)
    i.SetEPTxAddr                            0x08002168   Section        0  usb_regs.o(i.SetEPTxAddr)
    i.SetEPTxCount                           0x08002188   Section        0  usb_regs.o(i.SetEPTxCount)
    i.SetEPTxStatus                          0x080021a4   Section        0  usb_regs.o(i.SetEPTxStatus)
    i.SetEPType                              0x080021e4   Section        0  usb_regs.o(i.SetEPType)
    i.SetSysClock                            0x08002208   Section        0  system_stm32f30x.o(i.SetSysClock)
    SetSysClock                              0x08002209   Thumb Code   188  system_stm32f30x.o(i.SetSysClock)
    i.Setup0_Process                         0x080022cc   Section        0  usb_core.o(i.Setup0_Process)
    i.Standard_ClearFeature                  0x08002384   Section        0  usb_core.o(i.Standard_ClearFeature)
    i.Standard_GetConfiguration              0x080024f0   Section        0  usb_core.o(i.Standard_GetConfiguration)
    i.Standard_GetDescriptorData             0x0800251c   Section        0  usb_core.o(i.Standard_GetDescriptorData)
    i.Standard_GetInterface                  0x08002540   Section        0  usb_core.o(i.Standard_GetInterface)
    i.Standard_GetStatus                     0x0800256c   Section        0  usb_core.o(i.Standard_GetStatus)
    i.Standard_SetConfiguration              0x0800266c   Section        0  usb_core.o(i.Standard_SetConfiguration)
    i.Standard_SetDeviceFeature              0x080026b4   Section        0  usb_core.o(i.Standard_SetDeviceFeature)
    i.Standard_SetEndPointFeature            0x080026dc   Section        0  usb_core.o(i.Standard_SetEndPointFeature)
    i.Standard_SetInterface                  0x080027ac   Section        0  usb_core.o(i.Standard_SetInterface)
    i.Suspend                                0x08002818   Section        0  usb_pwr.o(i.Suspend)
    i.SysTick_Handler                        0x08002840   Section        0  peripherals.o(i.SysTick_Handler)
    i.SystemInit                             0x08002880   Section        0  system_stm32f30x.o(i.SystemInit)
    i.Tc358Write                             0x08002904   Section        0  tc358870data.o(i.Tc358Write)
    i.USART_Cmd                              0x08003b14   Section        0  stm32f30x_usart.o(i.USART_Cmd)
    i.USART_GetFlagStatus                    0x08003b2a   Section        0  stm32f30x_usart.o(i.USART_GetFlagStatus)
    i.USART_Init                             0x08003b3c   Section        0  stm32f30x_usart.o(i.USART_Init)
    i.USART_SendData                         0x08003c28   Section        0  stm32f30x_usart.o(i.USART_SendData)
    i.USBWakeUp_IRQHandler                   0x08003c30   Section        0  stm32f30x_it.o(i.USBWakeUp_IRQHandler)
    i.USB_Cable_Config                       0x08003c40   Section        0  hw_config.o(i.USB_Cable_Config)
    i.USB_Istr                               0x08003c64   Section        0  usb_istr.o(i.USB_Istr)
    i.USB_LP_CAN1_RX0_IRQHandler             0x08003d5c   Section        0  stm32f30x_it.o(i.USB_LP_CAN1_RX0_IRQHandler)
    i.USB_SIL_Init                           0x08003d64   Section        0  usb_sil.o(i.USB_SIL_Init)
    i.UsageFault_Handler                     0x08003d88   Section        0  stm32f30x_it.o(i.UsageFault_Handler)
    i.UserToPMABufferCopy                    0x08003d8c   Section        0  usb_mem.o(i.UserToPMABufferCopy)
    i.Waitx1ms                               0x08003dc4   Section        0  jx_eeprom.o(i.Waitx1ms)
    i.Waitx1us                               0x08003de6   Section        0  jx_eeprom.o(i.Waitx1us)
    i.__0printf$8                            0x08003df4   Section        0  printf8.o(i.__0printf$8)
    i.__scatterload_copy                     0x08003e14   Section       14  handlers.o(i.__scatterload_copy)
    i.__scatterload_null                     0x08003e22   Section        2  handlers.o(i.__scatterload_null)
    i.__scatterload_zeroinit                 0x08003e24   Section       14  handlers.o(i.__scatterload_zeroinit)
    i._printf_core                           0x08003e34   Section        0  printf8.o(i._printf_core)
    _printf_core                             0x08003e35   Thumb Code   996  printf8.o(i._printf_core)
    i._printf_post_padding                   0x08004244   Section        0  printf8.o(i._printf_post_padding)
    _printf_post_padding                     0x08004245   Thumb Code    36  printf8.o(i._printf_post_padding)
    i._printf_pre_padding                    0x08004268   Section        0  printf8.o(i._printf_pre_padding)
    _printf_pre_padding                      0x08004269   Thumb Code    46  printf8.o(i._printf_pre_padding)
    i.fputc                                  0x08004298   Section        0  bsp.o(i.fputc)
    i.i2c1_uh2d_read8                        0x080042d8   Section        0  jx_eeprom.o(i.i2c1_uh2d_read8)
    i.i2c1_uh2d_write16                      0x080042e4   Section        0  jx_eeprom.o(i.i2c1_uh2d_write16)
    i.i2c1_uh2d_write32                      0x080042fa   Section        0  jx_eeprom.o(i.i2c1_uh2d_write32)
    i.i2c1_uh2d_write8                       0x08004326   Section        0  jx_eeprom.o(i.i2c1_uh2d_write8)
    i.main                                   0x0800434c   Section        0  main.o(i.main)
    .constdata                               0x0800443c   Section      177  usb_desc.o(.constdata)
    .constdata                               0x080044f0   Section       61  stm32f3_discovery.o(.constdata)
    .data                                    0x20000000   Section       12  hw_config.o(.data)
    .data                                    0x2000000c   Section       42  main.o(.data)
    timeStamp                                0x20000034   Data           2  main.o(.data)
    .data                                    0x20000038   Section       57  peripherals.o(.data)
    loopCounter                              0x20000050   Data           4  peripherals.o(.data)
    state                                    0x20000054   Data           1  peripherals.o(.data)
    wait                                     0x20000056   Data           2  peripherals.o(.data)
    pwmCount                                 0x20000058   Data           1  peripherals.o(.data)
    BRIGHTNESS                               0x20000059   Data          24  peripherals.o(.data)
    .data                                    0x20000071   Section       26  usb_desc.o(.data)
    .data                                    0x2000008c   Section       60  usb_istr.o(.data)
    .data                                    0x200000c8   Section      156  usb_prop.o(.data)
    .data                                    0x20000164   Section        7  usb_pwr.o(.data)
    .data                                    0x2000016c   Section        3  usb_core.o(.data)
    .data                                    0x20000170   Section       20  usb_init.o(.data)
    .data                                    0x20000184   Section        4  usb_int.o(.data)
    .data                                    0x20000188   Section       36  stm32f3_discovery.o(.data)
    .data                                    0x200001ac   Section       42  stm32f30x_rcc.o(.data)
    APBAHBPrescTable                         0x200001ac   Data          16  stm32f30x_rcc.o(.data)
    ADCPrescTable                            0x200001bc   Data          26  stm32f30x_rcc.o(.data)
    .data                                    0x200001d8   Section        4  stdout.o(.data)
    .bss                                     0x200001dc   Section      372  main.o(.bss)
    .bss                                     0x20000350   Section      256  usb_prop.o(.bss)
    .bss                                     0x20000450   Section       28  usb_init.o(.bss)
    STACK                                    0x20000470   Section     1024  startup_stm32f30x.o(STACK)

    Global Symbols

    Symbol Name                              Value     Ov Type        Size  Object(Section)

    BuildAttributes$$THM_ISAv4$E$P$D$K$B$S$7EM$VFPi3$EXTD16$VFPS$VFMA$PE$A:L22UL41UL21$X:L11$S22US41US21$IEEE1$IW$USESV6$~STKCKD$USESV7$~SHL$OSPACE$ROPI$EBA8$MICROLIB$REQ8$PRES8$EABIv2 0x00000000   Number         0  anon$$obj.o ABSOLUTE
    __ARM_use_no_argv                        0x00000000   Number         0  main.o ABSOLUTE
    _printf_a                                0x00000000   Number         0  stubs.o ABSOLUTE
    _printf_c                                0x00000000   Number         0  stubs.o ABSOLUTE
    _printf_charcount                        0x00000000   Number         0  stubs.o ABSOLUTE
    _printf_d                                0x00000000   Number         0  stubs.o ABSOLUTE
    _printf_e                                0x00000000   Number         0  stubs.o ABSOLUTE
    _printf_f                                0x00000000   Number         0  stubs.o ABSOLUTE
    _printf_flags                            0x00000000   Number         0  stubs.o ABSOLUTE
    _printf_fp_dec                           0x00000000   Number         0  stubs.o ABSOLUTE
    _printf_fp_hex                           0x00000000   Number         0  stubs.o ABSOLUTE
    _printf_g                                0x00000000   Number         0  stubs.o ABSOLUTE
    _printf_i                                0x00000000   Number         0  stubs.o ABSOLUTE
    _printf_int_dec                          0x00000000   Number         0  stubs.o ABSOLUTE
    _printf_l                                0x00000000   Number         0  stubs.o ABSOLUTE
    _printf_lc                               0x00000000   Number         0  stubs.o ABSOLUTE
    _printf_ll                               0x00000000   Number         0  stubs.o ABSOLUTE
    _printf_lld                              0x00000000   Number         0  stubs.o ABSOLUTE
    _printf_lli                              0x00000000   Number         0  stubs.o ABSOLUTE
    _printf_llo                              0x00000000   Number         0  stubs.o ABSOLUTE
    _printf_llu                              0x00000000   Number         0  stubs.o ABSOLUTE
    _printf_llx                              0x00000000   Number         0  stubs.o ABSOLUTE
    _printf_longlong_dec                     0x00000000   Number         0  stubs.o ABSOLUTE
    _printf_longlong_hex                     0x00000000   Number         0  stubs.o ABSOLUTE
    _printf_longlong_oct                     0x00000000   Number         0  stubs.o ABSOLUTE
    _printf_ls                               0x00000000   Number         0  stubs.o ABSOLUTE
    _printf_mbtowc                           0x00000000   Number         0  stubs.o ABSOLUTE
    _printf_n                                0x00000000   Number         0  stubs.o ABSOLUTE
    _printf_o                                0x00000000   Number         0  stubs.o ABSOLUTE
    _printf_p                                0x00000000   Number         0  stubs.o ABSOLUTE
    _printf_percent                          0x00000000   Number         0  stubs.o ABSOLUTE
    _printf_pre_padding                      0x00000000   Number         0  stubs.o ABSOLUTE
    _printf_return_value                     0x00000000   Number         0  stubs.o ABSOLUTE
    _printf_s                                0x00000000   Number         0  stubs.o ABSOLUTE
    _printf_sizespec                         0x00000000   Number         0  stubs.o ABSOLUTE
    _printf_str                              0x00000000   Number         0  stubs.o ABSOLUTE
    _printf_truncate_signed                  0x00000000   Number         0  stubs.o ABSOLUTE
    _printf_truncate_unsigned                0x00000000   Number         0  stubs.o ABSOLUTE
    _printf_u                                0x00000000   Number         0  stubs.o ABSOLUTE
    _printf_wc                               0x00000000   Number         0  stubs.o ABSOLUTE
    _printf_wctomb                           0x00000000   Number         0  stubs.o ABSOLUTE
    _printf_widthprec                        0x00000000   Number         0  stubs.o ABSOLUTE
    _printf_x                                0x00000000   Number         0  stubs.o ABSOLUTE
    __cpp_initialize__aeabi_                  - Undefined Weak Reference
    __cxa_finalize                            - Undefined Weak Reference
    _clock_init                               - Undefined Weak Reference
    _microlib_exit                            - Undefined Weak Reference
    __Vectors_Size                           0x00000188   Number         0  startup_stm32f30x.o ABSOLUTE
    __Vectors                                0x08000000   Data           4  startup_stm32f30x.o(RESET)
    __Vectors_End                            0x08000188   Data           0  startup_stm32f30x.o(RESET)
    __main                                   0x08000189   Thumb Code     0  entry.o(.ARM.Collect$$$$00000000)
    _main_stk                                0x08000189   Thumb Code     0  entry2.o(.ARM.Collect$$$$00000001)
    _main_scatterload                        0x0800018d   Thumb Code     0  entry5.o(.ARM.Collect$$$$00000004)
    __main_after_scatterload                 0x08000191   Thumb Code     0  entry5.o(.ARM.Collect$$$$00000004)
    _main_clock                              0x08000191   Thumb Code     0  entry7b.o(.ARM.Collect$$$$00000008)
    _main_cpp_init                           0x08000191   Thumb Code     0  entry8b.o(.ARM.Collect$$$$0000000A)
    _main_init                               0x08000191   Thumb Code     0  entry9a.o(.ARM.Collect$$$$0000000B)
    __rt_final_cpp                           0x08000199   Thumb Code     0  entry10a.o(.ARM.Collect$$$$0000000D)
    __rt_final_exit                          0x08000199   Thumb Code     0  entry11a.o(.ARM.Collect$$$$0000000F)
    Reset_Handler                            0x0800019d   Thumb Code     8  startup_stm32f30x.o(.text)
    ADC1_2_IRQHandler                        0x080001b7   Thumb Code     0  startup_stm32f30x.o(.text)
    ADC3_IRQHandler                          0x080001b7   Thumb Code     0  startup_stm32f30x.o(.text)
    ADC4_IRQHandler                          0x080001b7   Thumb Code     0  startup_stm32f30x.o(.text)
    CAN1_RX1_IRQHandler                      0x080001b7   Thumb Code     0  startup_stm32f30x.o(.text)
    CAN1_SCE_IRQHandler                      0x080001b7   Thumb Code     0  startup_stm32f30x.o(.text)
    COMP1_2_3_IRQHandler                     0x080001b7   Thumb Code     0  startup_stm32f30x.o(.text)
    COMP4_5_6_IRQHandler                     0x080001b7   Thumb Code     0  startup_stm32f30x.o(.text)
    COMP7_IRQHandler                         0x080001b7   Thumb Code     0  startup_stm32f30x.o(.text)
    DMA1_Channel1_IRQHandler                 0x080001b7   Thumb Code     0  startup_stm32f30x.o(.text)
    DMA1_Channel2_IRQHandler                 0x080001b7   Thumb Code     0  startup_stm32f30x.o(.text)
    DMA1_Channel3_IRQHandler                 0x080001b7   Thumb Code     0  startup_stm32f30x.o(.text)
    DMA1_Channel4_IRQHandler                 0x080001b7   Thumb Code     0  startup_stm32f30x.o(.text)
    DMA1_Channel5_IRQHandler                 0x080001b7   Thumb Code     0  startup_stm32f30x.o(.text)
    DMA1_Channel6_IRQHandler                 0x080001b7   Thumb Code     0  startup_stm32f30x.o(.text)
    DMA1_Channel7_IRQHandler                 0x080001b7   Thumb Code     0  startup_stm32f30x.o(.text)
    DMA2_Channel1_IRQHandler                 0x080001b7   Thumb Code     0  startup_stm32f30x.o(.text)
    DMA2_Channel2_IRQHandler                 0x080001b7   Thumb Code     0  startup_stm32f30x.o(.text)
    DMA2_Channel3_IRQHandler                 0x080001b7   Thumb Code     0  startup_stm32f30x.o(.text)
    DMA2_Channel4_IRQHandler                 0x080001b7   Thumb Code     0  startup_stm32f30x.o(.text)
    DMA2_Channel5_IRQHandler                 0x080001b7   Thumb Code     0  startup_stm32f30x.o(.text)
    EXTI0_IRQHandler                         0x080001b7   Thumb Code     0  startup_stm32f30x.o(.text)
    EXTI15_10_IRQHandler                     0x080001b7   Thumb Code     0  startup_stm32f30x.o(.text)
    EXTI1_IRQHandler                         0x080001b7   Thumb Code     0  startup_stm32f30x.o(.text)
    EXTI2_TS_IRQHandler                      0x080001b7   Thumb Code     0  startup_stm32f30x.o(.text)
    EXTI3_IRQHandler                         0x080001b7   Thumb Code     0  startup_stm32f30x.o(.text)
    EXTI4_IRQHandler                         0x080001b7   Thumb Code     0  startup_stm32f30x.o(.text)
    EXTI9_5_IRQHandler                       0x080001b7   Thumb Code     0  startup_stm32f30x.o(.text)
    FLASH_IRQHandler                         0x080001b7   Thumb Code     0  startup_stm32f30x.o(.text)
    FPU_IRQHandler                           0x080001b7   Thumb Code     0  startup_stm32f30x.o(.text)
    I2C1_ER_IRQHandler                       0x080001b7   Thumb Code     0  startup_stm32f30x.o(.text)
    I2C1_EV_IRQHandler                       0x080001b7   Thumb Code     0  startup_stm32f30x.o(.text)
    I2C2_ER_IRQHandler                       0x080001b7   Thumb Code     0  startup_stm32f30x.o(.text)
    I2C2_EV_IRQHandler                       0x080001b7   Thumb Code     0  startup_stm32f30x.o(.text)
    PVD_IRQHandler                           0x080001b7   Thumb Code     0  startup_stm32f30x.o(.text)
    RCC_IRQHandler                           0x080001b7   Thumb Code     0  startup_stm32f30x.o(.text)
    RTC_Alarm_IRQHandler                     0x080001b7   Thumb Code     0  startup_stm32f30x.o(.text)
    RTC_WKUP_IRQHandler                      0x080001b7   Thumb Code     0  startup_stm32f30x.o(.text)
    SPI1_IRQHandler                          0x080001b7   Thumb Code     0  startup_stm32f30x.o(.text)
    SPI2_IRQHandler                          0x080001b7   Thumb Code     0  startup_stm32f30x.o(.text)
    SPI3_IRQHandler                          0x080001b7   Thumb Code     0  startup_stm32f30x.o(.text)
    TAMPER_STAMP_IRQHandler                  0x080001b7   Thumb Code     0  startup_stm32f30x.o(.text)
    TIM1_BRK_TIM15_IRQHandler                0x080001b7   Thumb Code     0  startup_stm32f30x.o(.text)
    TIM1_CC_IRQHandler                       0x080001b7   Thumb Code     0  startup_stm32f30x.o(.text)
    TIM1_TRG_COM_TIM17_IRQHandler            0x080001b7   Thumb Code     0  startup_stm32f30x.o(.text)
    TIM1_UP_TIM16_IRQHandler                 0x080001b7   Thumb Code     0  startup_stm32f30x.o(.text)
    TIM2_IRQHandler                          0x080001b7   Thumb Code     0  startup_stm32f30x.o(.text)
    TIM3_IRQHandler                          0x080001b7   Thumb Code     0  startup_stm32f30x.o(.text)
    TIM4_IRQHandler                          0x080001b7   Thumb Code     0  startup_stm32f30x.o(.text)
    TIM6_DAC_IRQHandler                      0x080001b7   Thumb Code     0  startup_stm32f30x.o(.text)
    TIM7_IRQHandler                          0x080001b7   Thumb Code     0  startup_stm32f30x.o(.text)
    TIM8_BRK_IRQHandler                      0x080001b7   Thumb Code     0  startup_stm32f30x.o(.text)
    TIM8_CC_IRQHandler                       0x080001b7   Thumb Code     0  startup_stm32f30x.o(.text)
    TIM8_TRG_COM_IRQHandler                  0x080001b7   Thumb Code     0  startup_stm32f30x.o(.text)
    TIM8_UP_IRQHandler                       0x080001b7   Thumb Code     0  startup_stm32f30x.o(.text)
    UART4_IRQHandler                         0x080001b7   Thumb Code     0  startup_stm32f30x.o(.text)
    UART5_IRQHandler                         0x080001b7   Thumb Code     0  startup_stm32f30x.o(.text)
    USART1_IRQHandler                        0x080001b7   Thumb Code     0  startup_stm32f30x.o(.text)
    USART2_IRQHandler                        0x080001b7   Thumb Code     0  startup_stm32f30x.o(.text)
    USART3_IRQHandler                        0x080001b7   Thumb Code     0  startup_stm32f30x.o(.text)
    USBWakeUp_RMP_IRQHandler                 0x080001b7   Thumb Code     0  startup_stm32f30x.o(.text)
    USB_HP_CAN1_TX_IRQHandler                0x080001b7   Thumb Code     0  startup_stm32f30x.o(.text)
    USB_HP_IRQHandler                        0x080001b7   Thumb Code     0  startup_stm32f30x.o(.text)
    USB_LP_IRQHandler                        0x080001b7   Thumb Code     0  startup_stm32f30x.o(.text)
    WWDG_IRQHandler                          0x080001b7   Thumb Code     0  startup_stm32f30x.o(.text)
    __aeabi_uldivmod                         0x080001c1   Thumb Code    98  uldiv.o(.text)
    __scatterload                            0x08000225   Thumb Code    28  init.o(.text)
    __scatterload_rt2                        0x08000225   Thumb Code     0  init.o(.text)
    __aeabi_llsl                             0x08000249   Thumb Code    30  llshl.o(.text)
    _ll_shift_l                              0x08000249   Thumb Code     0  llshl.o(.text)
    __aeabi_llsr                             0x08000267   Thumb Code    32  llushr.o(.text)
    _ll_ushift_r                             0x08000267   Thumb Code     0  llushr.o(.text)
    __decompress                             0x08000287   Thumb Code     0  __dczerorl2.o(.text)
    __decompress1                            0x08000287   Thumb Code    86  __dczerorl2.o(.text)
    BSP_Usart1Init                           0x080002dd   Thumb Code   130  bsp.o(i.BSP_Usart1Init)
    BusFault_Handler                         0x0800036d   Thumb Code     4  stm32f30x_it.o(i.BusFault_Handler)
    ByteSwap                                 0x08000371   Thumb Code    12  usb_regs.o(i.ByteSwap)
    CTR_LP                                   0x0800037d   Thumb Code   616  usb_int.o(i.CTR_LP)
    ClearDTOG_RX                             0x08000605   Thumb Code    48  usb_regs.o(i.ClearDTOG_RX)
    ClearDTOG_TX                             0x08000639   Thumb Code    48  usb_regs.o(i.ClearDTOG_TX)
    Clear_Status_Out                         0x0800066d   Thumb Code    34  usb_regs.o(i.Clear_Status_Out)
    DebugMon_Handler                         0x08000aa9   Thumb Code     2  stm32f30x_it.o(i.DebugMon_Handler)
    EEPROM_Init                              0x08000aab   Thumb Code     8  jx_eeprom.o(i.EEPROM_Init)
    EEPROM_ReadByte                          0x08000ab3   Thumb Code    92  jx_eeprom.o(i.EEPROM_ReadByte)
    EEPROM_ReadData                          0x08000b0f   Thumb Code    66  jx_eeprom.o(i.EEPROM_ReadData)
    EEPROM_WriteByte                         0x08000b51   Thumb Code   116  jx_eeprom.o(i.EEPROM_WriteByte)
    EP1_IN_Callback                          0x08000bc5   Thumb Code     8  usb_endp.o(i.EP1_IN_Callback)
    EP1_OUT_Callback                         0x08000bd1   Thumb Code     8  usb_endp.o(i.EP1_OUT_Callback)
    EXTI_ClearITPendingBit                   0x08000bdd   Thumb Code    22  stm32f30x_exti.o(i.EXTI_ClearITPendingBit)
    EXTI_Init                                0x08000bf9   Thumb Code   354  stm32f30x_exti.o(i.EXTI_Init)
    Enter_LowPowerMode                       0x08000d65   Thumb Code    16  hw_config.o(i.Enter_LowPowerMode)
    GPIO_Init                                0x08000d79   Thumb Code   144  stm32f30x_gpio.o(i.GPIO_Init)
    GPIO_PinAFConfig                         0x08000e09   Thumb Code    70  stm32f30x_gpio.o(i.GPIO_PinAFConfig)
    GPIO_ReadInputDataBit                    0x08000e4f   Thumb Code    18  stm32f30x_gpio.o(i.GPIO_ReadInputDataBit)
    GPIO_ResetBits                           0x08000e61   Thumb Code     4  stm32f30x_gpio.o(i.GPIO_ResetBits)
    GPIO_SetBits                             0x08000e65   Thumb Code     4  stm32f30x_gpio.o(i.GPIO_SetBits)
    GetEPRxAddr                              0x08000e69   Thumb Code    24  usb_regs.o(i.GetEPRxAddr)
    GetEPTxAddr                              0x08000e89   Thumb Code    22  usb_regs.o(i.GetEPTxAddr)
    Get_SerialNum                            0x08000ea9   Thumb Code    42  hw_config.o(i.Get_SerialNum)
    HID_GetReport_Feature                    0x08000edd   Thumb Code    78  usb_prop.o(i.HID_GetReport_Feature)
    HID_SetReport_Feature                    0x08000f45   Thumb Code    72  usb_prop.o(i.HID_SetReport_Feature)
    HardFault_Handler                        0x08000f9d   Thumb Code     4  stm32f30x_it.o(i.HardFault_Handler)
    Hid_Data_Setup                           0x08000fa1   Thumb Code   130  usb_prop.o(i.Hid_Data_Setup)
    Hid_GetConfigDescriptor                  0x0800103d   Thumb Code    14  usb_prop.o(i.Hid_GetConfigDescriptor)
    Hid_GetDeviceDescriptor                  0x08001051   Thumb Code    14  usb_prop.o(i.Hid_GetDeviceDescriptor)
    Hid_GetHIDDescriptor                     0x08001065   Thumb Code    14  usb_prop.o(i.Hid_GetHIDDescriptor)
    Hid_GetProtocolValue                     0x08001079   Thumb Code    20  usb_prop.o(i.Hid_GetProtocolValue)
    Hid_GetReportDescriptor                  0x08001095   Thumb Code    14  usb_prop.o(i.Hid_GetReportDescriptor)
    Hid_GetStringDescriptor                  0x080010a9   Thumb Code    32  usb_prop.o(i.Hid_GetStringDescriptor)
    Hid_Get_Interface_Setting                0x080010d1   Thumb Code    22  usb_prop.o(i.Hid_Get_Interface_Setting)
    Hid_NoData_Setup                         0x080010e9   Thumb Code    32  usb_prop.o(i.Hid_NoData_Setup)
    Hid_Reset                                0x0800110d   Thumb Code   164  usb_prop.o(i.Hid_Reset)
    Hid_SetConfiguration                     0x080011c1   Thumb Code    14  usb_prop.o(i.Hid_SetConfiguration)
    Hid_SetDeviceAddress                     0x080011d9   Thumb Code     8  usb_prop.o(i.Hid_SetDeviceAddress)
    Hid_SetProtocol                          0x080011e5   Thumb Code    14  usb_prop.o(i.Hid_SetProtocol)
    Hid_Status_In                            0x080011fd   Thumb Code     2  usb_prop.o(i.Hid_Status_In)
    Hid_Status_Out                           0x080011ff   Thumb Code     2  usb_prop.o(i.Hid_Status_Out)
    Hid_init                                 0x08001201   Thumb Code    30  usb_prop.o(i.Hid_init)
    In0_Process                              0x080014f1   Thumb Code    98  usb_core.o(i.In0_Process)
    LED_Config                               0x0800159f   Thumb Code    30  peripherals.o(i.LED_Config)
    Leave_LowPowerMode                       0x080015bd   Thumb Code    84  hw_config.o(i.Leave_LowPowerMode)
    MemManage_Handler                        0x0800161d   Thumb Code     4  stm32f30x_it.o(i.MemManage_Handler)
    NMI_Handler                              0x08001621   Thumb Code     2  stm32f30x_it.o(i.NMI_Handler)
    NOP_Process                              0x08001623   Thumb Code     2  usb_core.o(i.NOP_Process)
    NVIC_Init                                0x08001625   Thumb Code   100  stm32f30x_misc.o(i.NVIC_Init)
    Out0_Process                             0x080017cd   Thumb Code    70  usb_core.o(i.Out0_Process)
    PMAToUserBufferCopy                      0x0800181d   Thumb Code    34  usb_mem.o(i.PMAToUserBufferCopy)
    PendSV_Handler                           0x08001845   Thumb Code     2  stm32f30x_it.o(i.PendSV_Handler)
    Post0_Process                            0x08001849   Thumb Code    54  usb_core.o(i.Post0_Process)
    PowerOn                                  0x08001891   Thumb Code    54  usb_pwr.o(i.PowerOn)
    RCC_AHBPeriphClockCmd                    0x080018d1   Thumb Code    26  stm32f30x_rcc.o(i.RCC_AHBPeriphClockCmd)
    RCC_APB2PeriphClockCmd                   0x080018f1   Thumb Code    26  stm32f30x_rcc.o(i.RCC_APB2PeriphClockCmd)
    RCC_GetClocksFreq                        0x08001911   Thumb Code  1076  stm32f30x_rcc.o(i.RCC_GetClocksFreq)
    RCC_GetFlagStatus                        0x08001d59   Thumb Code    64  stm32f30x_rcc.o(i.RCC_GetFlagStatus)
    RCC_GetSYSCLKSource                      0x08001d9d   Thumb Code    10  stm32f30x_rcc.o(i.RCC_GetSYSCLKSource)
    RCC_HSEConfig                            0x08001dad   Thumb Code    12  stm32f30x_rcc.o(i.RCC_HSEConfig)
    RCC_PLLCmd                               0x08001dbd   Thumb Code     6  stm32f30x_rcc.o(i.RCC_PLLCmd)
    RCC_SYSCLKConfig                         0x08001dc9   Thumb Code    18  stm32f30x_rcc.o(i.RCC_SYSCLKConfig)
    RCC_WaitForHSEStartUp                    0x08001de1   Thumb Code    56  stm32f30x_rcc.o(i.RCC_WaitForHSEStartUp)
    Resume                                   0x08001e19   Thumb Code   168  usb_pwr.o(i.Resume)
    Resume_Init                              0x08001ec9   Thumb Code    30  usb_pwr.o(i.Resume_Init)
    STM_EVAL_LEDInit                         0x08001eed   Thumb Code    62  stm32f3_discovery.o(i.STM_EVAL_LEDInit)
    STM_EVAL_PBInit                          0x08001f39   Thumb Code   140  stm32f3_discovery.o(i.STM_EVAL_PBInit)
    SVC_Handler                              0x08001fe1   Thumb Code     2  stm32f30x_it.o(i.SVC_Handler)
    SYSCFG_EXTILineConfig                    0x08001fe5   Thumb Code    60  stm32f30x_syscfg.o(i.SYSCFG_EXTILineConfig)
    SetBTABLE                                0x08002025   Thumb Code    12  usb_regs.o(i.SetBTABLE)
    SetDeviceAddress                         0x08002035   Thumb Code    68  usb_core.o(i.SetDeviceAddress)
    SetEPRxAddr                              0x08002085   Thumb Code    26  usb_regs.o(i.SetEPRxAddr)
    SetEPRxCount                             0x080020a9   Thumb Code    68  usb_regs.o(i.SetEPRxCount)
    SetEPRxStatus                            0x080020f5   Thumb Code    60  usb_regs.o(i.SetEPRxStatus)
    SetEPRxValid                             0x08002135   Thumb Code    48  usb_regs.o(i.SetEPRxValid)
    SetEPTxAddr                              0x08002169   Thumb Code    24  usb_regs.o(i.SetEPTxAddr)
    SetEPTxCount                             0x08002189   Thumb Code    20  usb_regs.o(i.SetEPTxCount)
    SetEPTxStatus                            0x080021a5   Thumb Code    60  usb_regs.o(i.SetEPTxStatus)
    SetEPType                                0x080021e5   Thumb Code    32  usb_regs.o(i.SetEPType)
    Setup0_Process                           0x080022cd   Thumb Code   170  usb_core.o(i.Setup0_Process)
    Standard_ClearFeature                    0x08002385   Thumb Code   342  usb_core.o(i.Standard_ClearFeature)
    Standard_GetConfiguration                0x080024f1   Thumb Code    34  usb_core.o(i.Standard_GetConfiguration)
    Standard_GetDescriptorData               0x0800251d   Thumb Code    32  usb_core.o(i.Standard_GetDescriptorData)
    Standard_GetInterface                    0x08002541   Thumb Code    34  usb_core.o(i.Standard_GetInterface)
    Standard_GetStatus                       0x0800256d   Thumb Code   238  usb_core.o(i.Standard_GetStatus)
    Standard_SetConfiguration                0x0800266d   Thumb Code    60  usb_core.o(i.Standard_SetConfiguration)
    Standard_SetDeviceFeature                0x080026b5   Thumb Code    30  usb_core.o(i.Standard_SetDeviceFeature)
    Standard_SetEndPointFeature              0x080026dd   Thumb Code   192  usb_core.o(i.Standard_SetEndPointFeature)
    Standard_SetInterface                    0x080027ad   Thumb Code    96  usb_core.o(i.Standard_SetInterface)
    Suspend                                  0x08002819   Thumb Code    34  usb_pwr.o(i.Suspend)
    SysTick_Handler                          0x08002841   Thumb Code    48  peripherals.o(i.SysTick_Handler)
    SystemInit                               0x08002881   Thumb Code   112  system_stm32f30x.o(i.SystemInit)
    Tc358Write                               0x08002905   Thumb Code  4614  tc358870data.o(i.Tc358Write)
    USART_Cmd                                0x08003b15   Thumb Code    22  stm32f30x_usart.o(i.USART_Cmd)
    USART_GetFlagStatus                      0x08003b2b   Thumb Code    18  stm32f30x_usart.o(i.USART_GetFlagStatus)
    USART_Init                               0x08003b3d   Thumb Code   220  stm32f30x_usart.o(i.USART_Init)
    USART_SendData                           0x08003c29   Thumb Code     8  stm32f30x_usart.o(i.USART_SendData)
    USBWakeUp_IRQHandler                     0x08003c31   Thumb Code    16  stm32f30x_it.o(i.USBWakeUp_IRQHandler)
    USB_Cable_Config                         0x08003c41   Thumb Code    30  hw_config.o(i.USB_Cable_Config)
    USB_Istr                                 0x08003c65   Thumb Code   222  usb_istr.o(i.USB_Istr)
    USB_LP_CAN1_RX0_IRQHandler               0x08003d5d   Thumb Code     8  stm32f30x_it.o(i.USB_LP_CAN1_RX0_IRQHandler)
    USB_SIL_Init                             0x08003d65   Thumb Code    28  usb_sil.o(i.USB_SIL_Init)
    UsageFault_Handler                       0x08003d89   Thumb Code     4  stm32f30x_it.o(i.UsageFault_Handler)
    UserToPMABufferCopy                      0x08003d8d   Thumb Code    52  usb_mem.o(i.UserToPMABufferCopy)
    Waitx1ms                                 0x08003dc5   Thumb Code    34  jx_eeprom.o(i.Waitx1ms)
    Waitx1us                                 0x08003de7   Thumb Code    12  jx_eeprom.o(i.Waitx1us)
    __0printf$8                              0x08003df5   Thumb Code    22  printf8.o(i.__0printf$8)
    __1printf$8                              0x08003df5   Thumb Code     0  printf8.o(i.__0printf$8)
    __2printf                                0x08003df5   Thumb Code     0  printf8.o(i.__0printf$8)
    __scatterload_copy                       0x08003e15   Thumb Code    14  handlers.o(i.__scatterload_copy)
    __scatterload_null                       0x08003e23   Thumb Code     2  handlers.o(i.__scatterload_null)
    __scatterload_zeroinit                   0x08003e25   Thumb Code    14  handlers.o(i.__scatterload_zeroinit)
    fputc                                    0x08004299   Thumb Code    58  bsp.o(i.fputc)
    i2c1_uh2d_read8                          0x080042d9   Thumb Code    12  jx_eeprom.o(i.i2c1_uh2d_read8)
    i2c1_uh2d_write16                        0x080042e5   Thumb Code    22  jx_eeprom.o(i.i2c1_uh2d_write16)
    i2c1_uh2d_write32                        0x080042fb   Thumb Code    44  jx_eeprom.o(i.i2c1_uh2d_write32)
    i2c1_uh2d_write8                         0x08004327   Thumb Code    36  jx_eeprom.o(i.i2c1_uh2d_write8)
    main                                     0x0800434d   Thumb Code   158  main.o(i.main)
    Hid_DeviceDescriptor                     0x0800443c   Data          18  usb_desc.o(.constdata)
    Hid_ConfigDescriptor                     0x0800444e   Data          41  usb_desc.o(.constdata)
    Hid_ReportDescriptor                     0x08004477   Data          60  usb_desc.o(.constdata)
    Hid_StringLangID                         0x080044b3   Data           4  usb_desc.o(.constdata)
    Hid_StringVendor                         0x080044b7   Data          32  usb_desc.o(.constdata)
    Hid_StringProduct                        0x080044d7   Data          22  usb_desc.o(.constdata)
    GPIO_PIN                                 0x080044f0   Data          16  stm32f3_discovery.o(.constdata)
    GPIO_CLK                                 0x08004500   Data          32  stm32f3_discovery.o(.constdata)
    BUTTON_PIN                               0x08004520   Data           2  stm32f3_discovery.o(.constdata)
    BUTTON_CLK                               0x08004524   Data           4  stm32f3_discovery.o(.constdata)
    BUTTON_EXTI_LINE                         0x08004528   Data           2  stm32f3_discovery.o(.constdata)
    BUTTON_PORT_SOURCE                       0x0800452a   Data           1  stm32f3_discovery.o(.constdata)
    BUTTON_PIN_SOURCE                        0x0800452b   Data           1  stm32f3_discovery.o(.constdata)
    BUTTON_IRQn                              0x0800452c   Data           1  stm32f3_discovery.o(.constdata)
    Region$$Table$$Base                      0x08004530   Number         0  anon$$obj.o(Region$$Table)
    Region$$Table$$Limit                     0x08004550   Number         0  anon$$obj.o(Region$$Table)
    HSEStartUpStatus                         0x20000000   Data           1  hw_config.o(.data)
    EXTI_InitStructure                       0x20000004   Data           8  hw_config.o(.data)
    dataKeepAlive                            0x2000000c   Data           5  main.o(.data)
    dataConfig                               0x20000011   Data           7  main.o(.data)
    dataScale                                0x20000018   Data           8  main.o(.data)
    EP1flagTXcomplete                        0x20000020   Data           1  main.o(.data)
    EP1flagRXcomplete                        0x20000021   Data           1  main.o(.data)
    orientationIndex                         0x20000022   Data           1  main.o(.data)
    currentKeepAliveTimeout                  0x20000024   Data           4  main.o(.data)
    currentDelayBetweenPackets               0x20000028   Data           2  main.o(.data)
    magBuffer                                0x2000002a   Data           6  main.o(.data)
    tempBuffer                               0x20000030   Data           2  main.o(.data)
    focState                                 0x20000032   Data           1  main.o(.data)
    timerTimeSinceLastKeepAlive              0x20000038   Data           4  peripherals.o(.data)
    timerTimeSinceLastFrameSent              0x2000003c   Data           4  peripherals.o(.data)
    timerTimeSinceLastAccMagReadout          0x20000040   Data           4  peripherals.o(.data)
    timerDelayCountdown                      0x20000044   Data           4  peripherals.o(.data)
    currentGyroScale                         0x20000048   Data           2  peripherals.o(.data)
    gyroBiasCalValue                         0x2000004c   Data           4  peripherals.o(.data)
    Hid_StringSerial                         0x20000071   Data          26  usb_desc.o(.data)
    wIstr                                    0x2000008c   Data           2  usb_istr.o(.data)
    bIntPackSOF                              0x2000008e   Data           1  usb_istr.o(.data)
    pEpInt_IN                                0x20000090   Data          28  usb_istr.o(.data)
    pEpInt_OUT                               0x200000ac   Data          28  usb_istr.o(.data)
    ProtocolValue                            0x200000c8   Data           4  usb_prop.o(.data)
    newConfigFrameReceived                   0x200000cc   Data           1  usb_prop.o(.data)
    Device_Table                             0x200000cd   Data           2  usb_prop.o(.data)
    Device_Property                          0x200000d0   Data          48  usb_prop.o(.data)
    User_Standard_Requests                   0x20000100   Data          36  usb_prop.o(.data)
    Device_Descriptor                        0x20000124   Data           8  usb_prop.o(.data)
    Config_Descriptor                        0x2000012c   Data           8  usb_prop.o(.data)
    Hid_Report_Descriptor                    0x20000134   Data           8  usb_prop.o(.data)
    Mouse_Hid_Descriptor                     0x2000013c   Data           8  usb_prop.o(.data)
    String_Descriptor                        0x20000144   Data          32  usb_prop.o(.data)
    bDeviceState                             0x20000164   Data           4  usb_pwr.o(.data)
    fSuspendEnabled                          0x20000168   Data           1  usb_pwr.o(.data)
    ResumeS                                  0x20000169   Data           2  usb_pwr.o(.data)
    StatusInfo                               0x2000016c   Data           2  usb_core.o(.data)
    Data_Mul_MaxPacketSize                   0x2000016e   Data           1  usb_core.o(.data)
    EPindex                                  0x20000170   Data           1  usb_init.o(.data)
    pInformation                             0x20000174   Data           4  usb_init.o(.data)
    pProperty                                0x20000178   Data           4  usb_init.o(.data)
    SaveState                                0x2000017c   Data           2  usb_init.o(.data)
    wInterrupt_Mask                          0x2000017e   Data           2  usb_init.o(.data)
    pUser_Standard_Requests                  0x20000180   Data           4  usb_init.o(.data)
    SaveRState                               0x20000184   Data           2  usb_int.o(.data)
    SaveTState                               0x20000186   Data           2  usb_int.o(.data)
    GPIO_PORT                                0x20000188   Data          32  stm32f3_discovery.o(.data)
    BUTTON_PORT                              0x200001a8   Data           4  stm32f3_discovery.o(.data)
    __stdout                                 0x200001d8   Data           4  stdout.o(.data)
    dataDisplayInfo                          0x200001dc   Data          56  main.o(.bss)
    dataToBeSent                             0x20000214   Data          62  main.o(.bss)
    RCC_Clocks                               0x20000252   Data          60  main.o(.bss)
    EP1debugBuffer                           0x2000028e   Data         128  main.o(.bss)
    gyroBuffer                               0x20000310   Data          12  main.o(.bss)
    accBuffer                                0x2000031c   Data          12  main.o(.bss)
    buf                                      0x20000328   Data          40  main.o(.bss)
    featureReportData                        0x20000350   Data         128  usb_prop.o(.bss)
    EP0debugBuffer                           0x200003d0   Data         128  usb_prop.o(.bss)
    Device_Info                              0x20000450   Data          28  usb_init.o(.bss)
    __initial_sp                             0x20000870   Data           0  startup_stm32f30x.o(STACK)



==============================================================================

Memory Map of the image

  Image Entry point : 0x0800019d

  Load Region LR_1 (Base: 0x08000000, Size: 0x0000472c, Max: 0xffffffff, ABSOLUTE, COMPRESSED[0x00004618])

    Execution Region ER_RO (Base: 0x08000000, Size: 0x00004550, Max: 0xffffffff, ABSOLUTE)

    Base Addr    Size         Type   Attr      Idx    E Section Name        Object

    0x08000000   0x00000188   Data   RO         1113    RESET               startup_stm32f30x.o
    0x08000188   0x00000000   Code   RO         5816  * .ARM.Collect$$$$00000000  mc_w.l(entry.o)
    0x08000188   0x00000004   Code   RO         6080    .ARM.Collect$$$$00000001  mc_w.l(entry2.o)
    0x0800018c   0x00000004   Code   RO         6083    .ARM.Collect$$$$00000004  mc_w.l(entry5.o)
    0x08000190   0x00000000   Code   RO         6085    .ARM.Collect$$$$00000008  mc_w.l(entry7b.o)
    0x08000190   0x00000000   Code   RO         6087    .ARM.Collect$$$$0000000A  mc_w.l(entry8b.o)
    0x08000190   0x00000008   Code   RO         6088    .ARM.Collect$$$$0000000B  mc_w.l(entry9a.o)
    0x08000198   0x00000000   Code   RO         6090    .ARM.Collect$$$$0000000D  mc_w.l(entry10a.o)
    0x08000198   0x00000000   Code   RO         6092    .ARM.Collect$$$$0000000F  mc_w.l(entry11a.o)
    0x08000198   0x00000004   Code   RO         6081    .ARM.Collect$$$$00002712  mc_w.l(entry2.o)
    0x0800019c   0x00000024   Code   RO         1114  * .text               startup_stm32f30x.o
    0x080001c0   0x00000062   Code   RO         6097    .text               mc_w.l(uldiv.o)
    0x08000222   0x00000002   PAD
    0x08000224   0x00000024   Code   RO         6110    .text               mc_w.l(init.o)
    0x08000248   0x0000001e   Code   RO         6112    .text               mc_w.l(llshl.o)
    0x08000266   0x00000020   Code   RO         6114    .text               mc_w.l(llushr.o)
    0x08000286   0x00000056   Code   RO         6128    .text               mc_w.l(__dczerorl2.o)
    0x080002dc   0x00000090   Code   RO          903    i.BSP_Usart1Init    bsp.o
    0x0800036c   0x00000004   Code   RO          522    i.BusFault_Handler  stm32f30x_it.o
    0x08000370   0x0000000c   Code   RO         1342    i.ByteSwap          usb_regs.o
    0x0800037c   0x00000288   Code   RO         1279    i.CTR_LP            usb_int.o
    0x08000604   0x00000034   Code   RO         1343    i.ClearDTOG_RX      usb_regs.o
    0x08000638   0x00000034   Code   RO         1344    i.ClearDTOG_TX      usb_regs.o
    0x0800066c   0x00000028   Code   RO         1349    i.Clear_Status_Out  usb_regs.o
    0x08000694   0x000000c0   Code   RO         1120    i.DataStageIn       usb_core.o
    0x08000754   0x000000bc   Code   RO         1121    i.DataStageOut      usb_core.o
    0x08000810   0x00000298   Code   RO         1122    i.Data_Setup0       usb_core.o
    0x08000aa8   0x00000002   Code   RO          523    i.DebugMon_Handler  stm32f30x_it.o
    0x08000aaa   0x00000008   Code   RO          958    i.EEPROM_Init       jx_eeprom.o
    0x08000ab2   0x0000005c   Code   RO          959    i.EEPROM_ReadByte   jx_eeprom.o
    0x08000b0e   0x00000042   Code   RO          960    i.EEPROM_ReadData   jx_eeprom.o
    0x08000b50   0x00000074   Code   RO          961    i.EEPROM_WriteByte  jx_eeprom.o
    0x08000bc4   0x0000000c   Code   RO          654    i.EP1_IN_Callback   usb_endp.o
    0x08000bd0   0x0000000c   Code   RO          655    i.EP1_OUT_Callback  usb_endp.o
    0x08000bdc   0x0000001c   Code   RO         2985    i.EXTI_ClearITPendingBit  stm32f30x_exti.o
    0x08000bf8   0x0000016c   Code   RO         2990    i.EXTI_Init         stm32f30x_exti.o
    0x08000d64   0x00000014   Code   RO            3    i.Enter_LowPowerMode  hw_config.o
    0x08000d78   0x00000090   Code   RO         3235    i.GPIO_Init         stm32f30x_gpio.o
    0x08000e08   0x00000046   Code   RO         3236    i.GPIO_PinAFConfig  stm32f30x_gpio.o
    0x08000e4e   0x00000012   Code   RO         3239    i.GPIO_ReadInputDataBit  stm32f30x_gpio.o
    0x08000e60   0x00000004   Code   RO         3242    i.GPIO_ResetBits    stm32f30x_gpio.o
    0x08000e64   0x00000004   Code   RO         3243    i.GPIO_SetBits      stm32f30x_gpio.o
    0x08000e68   0x00000020   Code   RO         1361    i.GetEPRxAddr       usb_regs.o
    0x08000e88   0x00000020   Code   RO         1364    i.GetEPTxAddr       usb_regs.o
    0x08000ea8   0x00000034   Code   RO            5    i.Get_SerialNum     hw_config.o
    0x08000edc   0x00000068   Code   RO          713    i.HID_GetReport_Feature  usb_prop.o
    0x08000f44   0x00000058   Code   RO          714    i.HID_SetReport_Feature  usb_prop.o
    0x08000f9c   0x00000004   Code   RO          524    i.HardFault_Handler  stm32f30x_it.o
    0x08000fa0   0x0000009c   Code   RO          715    i.Hid_Data_Setup    usb_prop.o
    0x0800103c   0x00000014   Code   RO          716    i.Hid_GetConfigDescriptor  usb_prop.o
    0x08001050   0x00000014   Code   RO          717    i.Hid_GetDeviceDescriptor  usb_prop.o
    0x08001064   0x00000014   Code   RO          718    i.Hid_GetHIDDescriptor  usb_prop.o
    0x08001078   0x0000001c   Code   RO          719    i.Hid_GetProtocolValue  usb_prop.o
    0x08001094   0x00000014   Code   RO          720    i.Hid_GetReportDescriptor  usb_prop.o
    0x080010a8   0x00000028   Code   RO          721    i.Hid_GetStringDescriptor  usb_prop.o
    0x080010d0   0x00000016   Code   RO          722    i.Hid_Get_Interface_Setting  usb_prop.o
    0x080010e6   0x00000002   PAD
    0x080010e8   0x00000024   Code   RO          723    i.Hid_NoData_Setup  usb_prop.o
    0x0800110c   0x000000b4   Code   RO          724    i.Hid_Reset         usb_prop.o
    0x080011c0   0x00000018   Code   RO          725    i.Hid_SetConfiguration  usb_prop.o
    0x080011d8   0x0000000c   Code   RO          726    i.Hid_SetDeviceAddress  usb_prop.o
    0x080011e4   0x00000018   Code   RO          727    i.Hid_SetProtocol   usb_prop.o
    0x080011fc   0x00000002   Code   RO          728    i.Hid_Status_In     usb_prop.o
    0x080011fe   0x00000002   Code   RO          729    i.Hid_Status_Out    usb_prop.o
    0x08001200   0x00000028   Code   RO          730    i.Hid_init          usb_prop.o
    0x08001228   0x00000040   Code   RO          963    i.I2CSoft_Ack       jx_eeprom.o
    0x08001268   0x00000016   Code   RO          964    i.I2CSoft_Delay     jx_eeprom.o
    0x0800127e   0x00000002   PAD
    0x08001280   0x00000040   Code   RO          965    i.I2CSoft_Init      jx_eeprom.o
    0x080012c0   0x00000040   Code   RO          966    i.I2CSoft_NAck      jx_eeprom.o
    0x08001300   0x00000060   Code   RO          967    i.I2CSoft_ReadByte  jx_eeprom.o
    0x08001360   0x00000024   Code   RO          968    i.I2CSoft_SDAIPU    jx_eeprom.o
    0x08001384   0x00000028   Code   RO          969    i.I2CSoft_SDAOPP    jx_eeprom.o
    0x080013ac   0x00000068   Code   RO          970    i.I2CSoft_SendByte  jx_eeprom.o
    0x08001414   0x00000040   Code   RO          971    i.I2CSoft_Start     jx_eeprom.o
    0x08001454   0x00000040   Code   RO          972    i.I2CSoft_Stop      jx_eeprom.o
    0x08001494   0x0000005c   Code   RO          973    i.I2CSoft_WaitAck   jx_eeprom.o
    0x080014f0   0x00000070   Code   RO         1123    i.In0_Process       usb_core.o
    0x08001560   0x0000003e   Code   RO            6    i.IntToUnicode      hw_config.o
    0x0800159e   0x0000001e   Code   RO          366    i.LED_Config        peripherals.o
    0x080015bc   0x00000060   Code   RO            7    i.Leave_LowPowerMode  hw_config.o
    0x0800161c   0x00000004   Code   RO          525    i.MemManage_Handler  stm32f30x_it.o
    0x08001620   0x00000002   Code   RO          526    i.NMI_Handler       stm32f30x_it.o
    0x08001622   0x00000002   Code   RO         1124    i.NOP_Process       usb_core.o
    0x08001624   0x00000070   Code   RO         3648    i.NVIC_Init         stm32f30x_misc.o
    0x08001694   0x00000138   Code   RO         1125    i.NoData_Setup0     usb_core.o
    0x080017cc   0x00000050   Code   RO         1126    i.Out0_Process      usb_core.o
    0x0800181c   0x00000028   Code   RO         1316    i.PMAToUserBufferCopy  usb_mem.o
    0x08001844   0x00000002   Code   RO          527    i.PendSV_Handler    stm32f30x_it.o
    0x08001846   0x00000002   PAD
    0x08001848   0x00000048   Code   RO         1127    i.Post0_Process     usb_core.o
    0x08001890   0x00000040   Code   RO          852    i.PowerOn           usb_pwr.o
    0x080018d0   0x00000020   Code   RO         3871    i.RCC_AHBPeriphClockCmd  stm32f30x_rcc.o
    0x080018f0   0x00000020   Code   RO         3875    i.RCC_APB2PeriphClockCmd  stm32f30x_rcc.o
    0x08001910   0x00000448   Code   RO         3883    i.RCC_GetClocksFreq  stm32f30x_rcc.o
    0x08001d58   0x00000044   Code   RO         3884    i.RCC_GetFlagStatus  stm32f30x_rcc.o
    0x08001d9c   0x00000010   Code   RO         3886    i.RCC_GetSYSCLKSource  stm32f30x_rcc.o
    0x08001dac   0x00000010   Code   RO         3888    i.RCC_HSEConfig     stm32f30x_rcc.o
    0x08001dbc   0x0000000c   Code   RO         3899    i.RCC_PLLCmd        stm32f30x_rcc.o
    0x08001dc8   0x00000018   Code   RO         3904    i.RCC_SYSCLKConfig  stm32f30x_rcc.o
    0x08001de0   0x00000038   Code   RO         3908    i.RCC_WaitForHSEStartUp  stm32f30x_rcc.o
    0x08001e18   0x000000b0   Code   RO          853    i.Resume            usb_pwr.o
    0x08001ec8   0x00000024   Code   RO          854    i.Resume_Init       usb_pwr.o
    0x08001eec   0x0000004c   Code   RO         1742    i.STM_EVAL_LEDInit  stm32f3_discovery.o
    0x08001f38   0x000000a8   Code   RO         1747    i.STM_EVAL_PBInit   stm32f3_discovery.o
    0x08001fe0   0x00000002   Code   RO          528    i.SVC_Handler       stm32f30x_it.o
    0x08001fe2   0x00000002   PAD
    0x08001fe4   0x00000040   Code   RO         4661    i.SYSCFG_EXTILineConfig  stm32f30x_syscfg.o
    0x08002024   0x00000010   Code   RO         1372    i.SetBTABLE         usb_regs.o
    0x08002034   0x00000050   Code   RO         1128    i.SetDeviceAddress  usb_core.o
    0x08002084   0x00000024   Code   RO         1386    i.SetEPRxAddr       usb_regs.o
    0x080020a8   0x0000004c   Code   RO         1387    i.SetEPRxCount      usb_regs.o
    0x080020f4   0x00000040   Code   RO         1388    i.SetEPRxStatus     usb_regs.o
    0x08002134   0x00000034   Code   RO         1389    i.SetEPRxValid      usb_regs.o
    0x08002168   0x00000020   Code   RO         1390    i.SetEPTxAddr       usb_regs.o
    0x08002188   0x0000001c   Code   RO         1391    i.SetEPTxCount      usb_regs.o
    0x080021a4   0x00000040   Code   RO         1392    i.SetEPTxStatus     usb_regs.o
    0x080021e4   0x00000024   Code   RO         1394    i.SetEPType         usb_regs.o
    0x08002208   0x000000c4   Code   RO          596    i.SetSysClock       system_stm32f30x.o
    0x080022cc   0x000000b8   Code   RO         1129    i.Setup0_Process    usb_core.o
    0x08002384   0x0000016c   Code   RO         1130    i.Standard_ClearFeature  usb_core.o
    0x080024f0   0x0000002c   Code   RO         1131    i.Standard_GetConfiguration  usb_core.o
    0x0800251c   0x00000024   Code   RO         1132    i.Standard_GetDescriptorData  usb_core.o
    0x08002540   0x0000002c   Code   RO         1133    i.Standard_GetInterface  usb_core.o
    0x0800256c   0x00000100   Code   RO         1134    i.Standard_GetStatus  usb_core.o
    0x0800266c   0x00000048   Code   RO         1135    i.Standard_SetConfiguration  usb_core.o
    0x080026b4   0x00000028   Code   RO         1136    i.Standard_SetDeviceFeature  usb_core.o
    0x080026dc   0x000000d0   Code   RO         1137    i.Standard_SetEndPointFeature  usb_core.o
    0x080027ac   0x0000006c   Code   RO         1138    i.Standard_SetInterface  usb_core.o
    0x08002818   0x00000028   Code   RO          855    i.Suspend           usb_pwr.o
    0x08002840   0x00000040   Code   RO          372    i.SysTick_Handler   peripherals.o
    0x08002880   0x00000084   Code   RO          598    i.SystemInit        system_stm32f30x.o
    0x08002904   0x00001210   Code   RO         1093    i.Tc358Write        tc358870data.o
    0x08003b14   0x00000016   Code   RO         5455    i.USART_Cmd         stm32f30x_usart.o
    0x08003b2a   0x00000012   Code   RO         5463    i.USART_GetFlagStatus  stm32f30x_usart.o
    0x08003b3c   0x000000ec   Code   RO         5467    i.USART_Init        stm32f30x_usart.o
    0x08003c28   0x00000008   Code   RO         5484    i.USART_SendData    stm32f30x_usart.o
    0x08003c30   0x00000010   Code   RO          529    i.USBWakeUp_IRQHandler  stm32f30x_it.o
    0x08003c40   0x00000024   Code   RO           10    i.USB_Cable_Config  hw_config.o
    0x08003c64   0x000000f8   Code   RO          684    i.USB_Istr          usb_istr.o
    0x08003d5c   0x00000008   Code   RO          530    i.USB_LP_CAN1_RX0_IRQHandler  stm32f30x_it.o
    0x08003d64   0x00000024   Code   RO         1710    i.USB_SIL_Init      usb_sil.o
    0x08003d88   0x00000004   Code   RO          531    i.UsageFault_Handler  stm32f30x_it.o
    0x08003d8c   0x00000038   Code   RO         1317    i.UserToPMABufferCopy  usb_mem.o
    0x08003dc4   0x00000022   Code   RO          974    i.Waitx1ms          jx_eeprom.o
    0x08003de6   0x0000000c   Code   RO          975    i.Waitx1us          jx_eeprom.o
    0x08003df2   0x00000002   PAD
    0x08003df4   0x00000020   Code   RO         6026    i.__0printf$8       mc_w.l(printf8.o)
    0x08003e14   0x0000000e   Code   RO         6122    i.__scatterload_copy  mc_w.l(handlers.o)
    0x08003e22   0x00000002   Code   RO         6123    i.__scatterload_null  mc_w.l(handlers.o)
    0x08003e24   0x0000000e   Code   RO         6124    i.__scatterload_zeroinit  mc_w.l(handlers.o)
    0x08003e32   0x00000002   PAD
    0x08003e34   0x00000410   Code   RO         6033    i._printf_core      mc_w.l(printf8.o)
    0x08004244   0x00000024   Code   RO         6034    i._printf_post_padding  mc_w.l(printf8.o)
    0x08004268   0x0000002e   Code   RO         6035    i._printf_pre_padding  mc_w.l(printf8.o)
    0x08004296   0x00000002   PAD
    0x08004298   0x00000040   Code   RO          906    i.fputc             bsp.o
    0x080042d8   0x0000000c   Code   RO          976    i.i2c1_uh2d_read8   jx_eeprom.o
    0x080042e4   0x00000016   Code   RO          977    i.i2c1_uh2d_write16  jx_eeprom.o
    0x080042fa   0x0000002c   Code   RO          978    i.i2c1_uh2d_write32  jx_eeprom.o
    0x08004326   0x00000024   Code   RO          979    i.i2c1_uh2d_write8  jx_eeprom.o
    0x0800434a   0x00000002   PAD
    0x0800434c   0x000000f0   Code   RO          237    i.main              main.o
    0x0800443c   0x000000b1   Data   RO          633    .constdata          usb_desc.o
    0x080044ed   0x00000003   PAD
    0x080044f0   0x0000003d   Data   RO         1748    .constdata          stm32f3_discovery.o
    0x0800452d   0x00000003   PAD
    0x08004530   0x00000020   Data   RO         6120    Region$$Table       anon$$obj.o


    Execution Region ER_RW (Base: 0x20000000, Size: 0x000001dc, Max: 0xffffffff, ABSOLUTE, COMPRESSED[0x000000c8])

    Base Addr    Size         Type   Attr      Idx    E Section Name        Object

    0x20000000   0x0000000c   Data   RW           12    .data               hw_config.o
    0x2000000c   0x0000002a   Data   RW          242    .data               main.o
    0x20000036   0x00000002   PAD
    0x20000038   0x00000039   Data   RW          389    .data               peripherals.o
    0x20000071   0x0000001a   Data   RW          634    .data               usb_desc.o
    0x2000008b   0x00000001   PAD
    0x2000008c   0x0000003c   Data   RW          685    .data               usb_istr.o
    0x200000c8   0x0000009c   Data   RW          732    .data               usb_prop.o
    0x20000164   0x00000007   Data   RW          856    .data               usb_pwr.o
    0x2000016b   0x00000001   PAD
    0x2000016c   0x00000003   Data   RW         1139    .data               usb_core.o
    0x2000016f   0x00000001   PAD
    0x20000170   0x00000014   Data   RW         1249    .data               usb_init.o
    0x20000184   0x00000004   Data   RW         1280    .data               usb_int.o
    0x20000188   0x00000024   Data   RW         1749    .data               stm32f3_discovery.o
    0x200001ac   0x0000002a   Data   RW         3909    .data               stm32f30x_rcc.o
    0x200001d6   0x00000002   PAD
    0x200001d8   0x00000004   Data   RW         6094    .data               mc_w.l(stdout.o)


    Execution Region ER_ZI (Base: 0x200001dc, Size: 0x00000694, Max: 0xffffffff, ABSOLUTE)

    Base Addr    Size         Type   Attr      Idx    E Section Name        Object

    0x200001dc   0x00000174   Zero   RW          241    .bss                main.o
    0x20000350   0x00000100   Zero   RW          731    .bss                usb_prop.o
    0x20000450   0x0000001c   Zero   RW         1248    .bss                usb_init.o
    0x2000046c   0x00000004   PAD
    0x20000470   0x00000400   Zero   RW         1111    STACK               startup_stm32f30x.o


==============================================================================

Image component sizes


      Code (inc. data)   RO Data    RW Data    ZI Data      Debug   Object Name

       208         20          0          0          0       2581   bsp.o
       266         32          0         12          0     237047   hw_config.o
      1152         48          0          0          0      13880   jx_eeprom.o
       240         82          0         42        372     221736   main.o
        94         16          0         57          0       3684   peripherals.o
        36          8        392          0       1024        940   startup_stm32f30x.o
       392         16          0          0          0       1849   stm32f30x_exti.o
       240          0          0          0          0       4107   stm32f30x_gpio.o
        48          0          0          0          0       5120   stm32f30x_it.o
       112         12          0          0          0       1276   stm32f30x_misc.o
      1352         58          0         42          0       8827   stm32f30x_rcc.o
        64          4          0          0          0        752   stm32f30x_syscfg.o
       284         16          0          0          0       3768   stm32f30x_usart.o
       244         42         61         36          0       4303   stm32f3_discovery.o
       328         28          0          0          0       1645   system_stm32f30x.o
      4624         28          0          0          0       2389   tc358870data.o
      3058        288          0          3          0      16611   usb_core.o
         0          0        177         26          0       1026   usb_desc.o
        24          8          0          0          0        997   usb_endp.o
         0          0          0         20         28       3803   usb_init.o
       648         32          0          4          0       1972   usb_int.o
       248         26          0         60          0       1436   usb_istr.o
        96         10          0          0          0       2052   usb_mem.o
       838        162          0        156        256      15239   usb_prop.o
       316         38          0          7          0       3778   usb_pwr.o
       624         86          0          0          0      10325   usb_regs.o
        36          8          0          0          0        595   usb_sil.o

    ----------------------------------------------------------------------
     15584       1068        668        472       1684     571738   Object Totals
         0          0         32          0          0          0   (incl. Generated)
        12          0          6          7          4          0   (incl. Padding)

    ----------------------------------------------------------------------

      Code (inc. data)   RO Data    RW Data    ZI Data      Debug   Library Member Name

        86          0          0          0          0          0   __dczerorl2.o
         0          0          0          0          0          0   entry.o
         0          0          0          0          0          0   entry10a.o
         0          0          0          0          0          0   entry11a.o
         8          4          0          0          0          0   entry2.o
         4          0          0          0          0          0   entry5.o
         0          0          0          0          0          0   entry7b.o
         0          0          0          0          0          0   entry8b.o
         8          4          0          0          0          0   entry9a.o
        30          0          0          0          0          0   handlers.o
        36          8          0          0          0         68   init.o
        30          0          0          0          0         68   llshl.o
        32          0          0          0          0         68   llushr.o
      1154         54          0          0          0        352   printf8.o
         0          0          0          4          0          0   stdout.o
        98          0          0          0          0         92   uldiv.o

    ----------------------------------------------------------------------
      1492         70          0          4          0        648   Library Totals
         6          0          0          0          0          0   (incl. Padding)

    ----------------------------------------------------------------------

      Code (inc. data)   RO Data    RW Data    ZI Data      Debug   Library Name

      1486         70          0          4          0        648   mc_w.l

    ----------------------------------------------------------------------
      1492         70          0          4          0        648   Library Totals

    ----------------------------------------------------------------------

==============================================================================


      Code (inc. data)   RO Data    RW Data    ZI Data      Debug   

     17076       1138        668        476       1684     559910   Grand Totals
     17076       1138        668        200       1684     559910   ELF Image Totals (compressed)
     17076       1138        668        200          0          0   ROM Totals

==============================================================================

    Total RO  Size (Code + RO Data)                17744 (  17.33kB)
    Total RW  Size (RW Data + ZI Data)              2160 (   2.11kB)
    Total ROM Size (Code + RO Data + RW Data)      17944 (  17.52kB)

==============================================================================

